Archive member included because of file (symbol)

c:/program files (x86)/atmel/atmel studio 6.0/extensions/atmel/avrgcc/3.4.1.95/avrtoolchain/bin/../lib/gcc/avr/4.6.2/avr6\libgcc.a(_udivmodqi4.o)
                              RTC/rtc.o (__udivmodqi4)
c:/program files (x86)/atmel/atmel studio 6.0/extensions/atmel/avrgcc/3.4.1.95/avrtoolchain/bin/../lib/gcc/avr/4.6.2/avr6\libgcc.a(_udivmodsi4.o)
                              Uart/uartDriver.o (__udivmodsi4)
c:/program files (x86)/atmel/atmel studio 6.0/extensions/atmel/avrgcc/3.4.1.95/avrtoolchain/bin/../lib/gcc/avr/4.6.2/avr6\libgcc.a(_exit.o)
                              c:/program files (x86)/atmel/atmel studio 6.0/extensions/atmel/avrgcc/3.4.1.95/avrtoolchain/bin/../lib/gcc/avr/4.6.2/../../../../avr/lib/avr6/crtm2560.o (exit)
c:/program files (x86)/atmel/atmel studio 6.0/extensions/atmel/avrgcc/3.4.1.95/avrtoolchain/bin/../lib/gcc/avr/4.6.2/avr6\libgcc.a(_copy_data.o)
                              i2c/i2c.o (__do_copy_data)
c:/program files (x86)/atmel/atmel studio 6.0/extensions/atmel/avrgcc/3.4.1.95/avrtoolchain/bin/../lib/gcc/avr/4.6.2/avr6\libgcc.a(_clear_bss.o)
                              i2c/i2c.o (__do_clear_bss)
c:/program files (x86)/atmel/atmel studio 6.0/extensions/atmel/avrgcc/3.4.1.95/avrtoolchain/bin/../lib/gcc/avr/4.6.2/avr6\libgcc.a(_ctors.o)
                              PCInterface.o (__do_global_ctors)
c:/program files (x86)/atmel/atmel studio 6.0/extensions/atmel/avrgcc/3.4.1.95/avrtoolchain/bin/../lib/gcc/avr/4.6.2/avr6\libgcc.a(_tablejump_elpm.o)
                              c:/program files (x86)/atmel/atmel studio 6.0/extensions/atmel/avrgcc/3.4.1.95/avrtoolchain/bin/../lib/gcc/avr/4.6.2/avr6\libgcc.a(_ctors.o) (__tablejump_elpm__)
c:/program files (x86)/atmel/atmel studio 6.0/extensions/atmel/avrgcc/3.4.1.95/avrtoolchain/bin/../lib/gcc/avr/4.6.2/../../../../avr/lib/avr6\libc.a(itoa.o)
                              Uart/uartDriver.o (itoa)
c:/program files (x86)/atmel/atmel studio 6.0/extensions/atmel/avrgcc/3.4.1.95/avrtoolchain/bin/../lib/gcc/avr/4.6.2/../../../../avr/lib/avr6\libc.a(strrev.o)
                              c:/program files (x86)/atmel/atmel studio 6.0/extensions/atmel/avrgcc/3.4.1.95/avrtoolchain/bin/../lib/gcc/avr/4.6.2/../../../../avr/lib/avr6\libc.a(itoa.o) (strrev)
c:/program files (x86)/atmel/atmel studio 6.0/extensions/atmel/avrgcc/3.4.1.95/avrtoolchain/bin/../lib/gcc/avr/4.6.2/avr6\libgcc.a(_udivmodhi4.o)
                              c:/program files (x86)/atmel/atmel studio 6.0/extensions/atmel/avrgcc/3.4.1.95/avrtoolchain/bin/../lib/gcc/avr/4.6.2/../../../../avr/lib/avr6\libc.a(itoa.o) (__udivmodhi4)

Memory Configuration

Name             Origin             Length             Attributes
text             0x00000000         0x00100000         xr
data             0x00800200         0x0000fe00         rw !x
eeprom           0x00810000         0x00010000         rw !x
fuse             0x00820000         0x00000400         rw !x
lock             0x00830000         0x00000400         rw !x
signature        0x00840000         0x00000400         rw !x
*default*        0x00000000         0xffffffff

Linker script and memory map

Address of section .data set to 0x800200
LOAD c:/program files (x86)/atmel/atmel studio 6.0/extensions/atmel/avrgcc/3.4.1.95/avrtoolchain/bin/../lib/gcc/avr/4.6.2/../../../../avr/lib/avr6/crtm2560.o
LOAD i2c/i2c.o
LOAD PCInterface.o
LOAD PCinterface/PCInterface.o
LOAD RTC/rtc.o
LOAD SD/sdCard.o
LOAD SPI/SPI.o
LOAD Uart/uartDriver.o
LOAD UnitHandler/UnitHandler.o
LOAD X10/X10.o
LOAD X10/X10_modtager.o
LOAD X10/X10_sender.o
START GROUP
LOAD c:/program files (x86)/atmel/atmel studio 6.0/extensions/atmel/avrgcc/3.4.1.95/avrtoolchain/bin/../lib/gcc/avr/4.6.2/../../../../avr/lib/avr6\libm.a
END GROUP
LOAD c:/program files (x86)/atmel/atmel studio 6.0/extensions/atmel/avrgcc/3.4.1.95/avrtoolchain/bin/../lib/gcc/avr/4.6.2/avr6\libgcc.a
LOAD c:/program files (x86)/atmel/atmel studio 6.0/extensions/atmel/avrgcc/3.4.1.95/avrtoolchain/bin/../lib/gcc/avr/4.6.2/../../../../avr/lib/avr6\libm.a
LOAD c:/program files (x86)/atmel/atmel studio 6.0/extensions/atmel/avrgcc/3.4.1.95/avrtoolchain/bin/../lib/gcc/avr/4.6.2/avr6\libgcc.a
LOAD c:/program files (x86)/atmel/atmel studio 6.0/extensions/atmel/avrgcc/3.4.1.95/avrtoolchain/bin/../lib/gcc/avr/4.6.2/../../../../avr/lib/avr6\libc.a
LOAD c:/program files (x86)/atmel/atmel studio 6.0/extensions/atmel/avrgcc/3.4.1.95/avrtoolchain/bin/../lib/gcc/avr/4.6.2/avr6\libgcc.a

.hash
 *(.hash)

.dynsym
 *(.dynsym)

.dynstr
 *(.dynstr)

.gnu.version
 *(.gnu.version)

.gnu.version_d
 *(.gnu.version_d)

.gnu.version_r
 *(.gnu.version_r)

.rel.init
 *(.rel.init)

.rela.init
 *(.rela.init)

.rel.text
 *(.rel.text)
 *(.rel.text.*)
 *(.rel.gnu.linkonce.t*)

.rela.text
 *(.rela.text)
 *(.rela.text.*)
 *(.rela.gnu.linkonce.t*)

.rel.fini
 *(.rel.fini)

.rela.fini
 *(.rela.fini)

.rel.rodata
 *(.rel.rodata)
 *(.rel.rodata.*)
 *(.rel.gnu.linkonce.r*)

.rela.rodata
 *(.rela.rodata)
 *(.rela.rodata.*)
 *(.rela.gnu.linkonce.r*)

.rel.data
 *(.rel.data)
 *(.rel.data.*)
 *(.rel.gnu.linkonce.d*)

.rela.data
 *(.rela.data)
 *(.rela.data.*)
 *(.rela.gnu.linkonce.d*)

.rel.ctors
 *(.rel.ctors)

.rela.ctors
 *(.rela.ctors)

.rel.dtors
 *(.rel.dtors)

.rela.dtors
 *(.rela.dtors)

.rel.got
 *(.rel.got)

.rela.got
 *(.rela.got)

.rel.bss
 *(.rel.bss)

.rela.bss
 *(.rela.bss)

.rel.plt
 *(.rel.plt)

.rela.plt
 *(.rela.plt)

.text           0x00000000     0x32e6
 *(.vectors)
 .vectors       0x00000000       0xe4 c:/program files (x86)/atmel/atmel studio 6.0/extensions/atmel/avrgcc/3.4.1.95/avrtoolchain/bin/../lib/gcc/avr/4.6.2/../../../../avr/lib/avr6/crtm2560.o
                0x00000000                __vector_default
                0x00000000                __vectors
 *(.vectors)
 *(.progmem.gcc*)
 *(.progmem*)
                0x000000e4                . = ALIGN (0x2)
                0x000000e4                __trampolines_start = .
 *(.trampolines)
 .trampolines   0x000000e4        0x0 linker stubs
 *(.trampolines*)
                0x000000e4                __trampolines_end = .
 *(.jumptables)
 *(.jumptables*)
 *(.lowtext)
 *(.lowtext*)
                0x000000e4                __ctors_start = .
 *(.ctors)
 .ctors         0x000000e4        0x2 PCInterface.o
                0x000000e6                __ctors_end = .
                0x000000e6                __dtors_start = .
 *(.dtors)
                0x000000e6                __dtors_end = .
 SORT(*)(.ctors)
 SORT(*)(.dtors)
 *(.init0)
 .init0         0x000000e6        0x0 c:/program files (x86)/atmel/atmel studio 6.0/extensions/atmel/avrgcc/3.4.1.95/avrtoolchain/bin/../lib/gcc/avr/4.6.2/../../../../avr/lib/avr6/crtm2560.o
                0x000000e6                __init
 *(.init0)
 *(.init1)
 *(.init1)
 *(.init2)
 .init2         0x000000e6       0x10 c:/program files (x86)/atmel/atmel studio 6.0/extensions/atmel/avrgcc/3.4.1.95/avrtoolchain/bin/../lib/gcc/avr/4.6.2/../../../../avr/lib/avr6/crtm2560.o
 *(.init2)
 *(.init3)
 *(.init3)
 *(.init4)
 .init4         0x000000f6       0x1c c:/program files (x86)/atmel/atmel studio 6.0/extensions/atmel/avrgcc/3.4.1.95/avrtoolchain/bin/../lib/gcc/avr/4.6.2/avr6\libgcc.a(_copy_data.o)
                0x000000f6                __do_copy_data
 .init4         0x00000112       0x10 c:/program files (x86)/atmel/atmel studio 6.0/extensions/atmel/avrgcc/3.4.1.95/avrtoolchain/bin/../lib/gcc/avr/4.6.2/avr6\libgcc.a(_clear_bss.o)
                0x00000112                __do_clear_bss
 *(.init4)
 *(.init5)
 *(.init5)
 *(.init6)
 .init6         0x00000122       0x22 c:/program files (x86)/atmel/atmel studio 6.0/extensions/atmel/avrgcc/3.4.1.95/avrtoolchain/bin/../lib/gcc/avr/4.6.2/avr6\libgcc.a(_ctors.o)
                0x00000122                __do_global_ctors
 *(.init6)
 *(.init7)
 *(.init7)
 *(.init8)
 *(.init8)
 *(.init9)
 .init9         0x00000144        0x8 c:/program files (x86)/atmel/atmel studio 6.0/extensions/atmel/avrgcc/3.4.1.95/avrtoolchain/bin/../lib/gcc/avr/4.6.2/../../../../avr/lib/avr6/crtm2560.o
 *(.init9)
 *(.text)
 .text          0x0000014c        0x4 c:/program files (x86)/atmel/atmel studio 6.0/extensions/atmel/avrgcc/3.4.1.95/avrtoolchain/bin/../lib/gcc/avr/4.6.2/../../../../avr/lib/avr6/crtm2560.o
                0x0000014c                __vector_38
                0x0000014c                __vector_22
                0x0000014c                __vector_28
                0x0000014c                __vector_1
                0x0000014c                __vector_32
                0x0000014c                __vector_34
                0x0000014c                __vector_24
                0x0000014c                __vector_12
                0x0000014c                __vector_55
                0x0000014c                __vector_46
                0x0000014c                __bad_interrupt
                0x0000014c                __vector_6
                0x0000014c                __vector_31
                0x0000014c                __vector_39
                0x0000014c                __vector_30
                0x0000014c                __vector_45
                0x0000014c                __vector_11
                0x0000014c                __vector_54
                0x0000014c                __vector_13
                0x0000014c                __vector_17
                0x0000014c                __vector_19
                0x0000014c                __vector_56
                0x0000014c                __vector_7
                0x0000014c                __vector_49
                0x0000014c                __vector_41
                0x0000014c                __vector_43
                0x0000014c                __vector_27
                0x0000014c                __vector_5
                0x0000014c                __vector_33
                0x0000014c                __vector_47
                0x0000014c                __vector_52
                0x0000014c                __vector_37
                0x0000014c                __vector_44
                0x0000014c                __vector_51
                0x0000014c                __vector_9
                0x0000014c                __vector_2
                0x0000014c                __vector_21
                0x0000014c                __vector_36
                0x0000014c                __vector_29
                0x0000014c                __vector_40
                0x0000014c                __vector_8
                0x0000014c                __vector_26
                0x0000014c                __vector_48
                0x0000014c                __vector_14
                0x0000014c                __vector_53
                0x0000014c                __vector_10
                0x0000014c                __vector_50
                0x0000014c                __vector_16
                0x0000014c                __vector_18
                0x0000014c                __vector_20
                0x0000014c                __vector_42
 .text          0x00000150       0x94 i2c/i2c.o
                0x00000150                i2c::i2c(bool, int)
                0x00000150                i2c::i2c(bool, int)
                0x00000192                i2c::start()
                0x000001a4                i2c::stop()
                0x000001ac                i2c::write(unsigned char)
                0x000001c2                i2c::read(bool)
 .text          0x000001e4      0x328 PCInterface.o
                0x000001e4                main
                0x00000286                __vector_25
                0x000002da                __vector_3
                0x0000032e                __vector_4
                0x00000382                __vector_23
                0x000003d6                __vector_35
                0x0000042a                __vector_15
 .text          0x0000050c      0x5aa PCinterface/PCInterface.o
                0x0000050c                PCinterface::PCinterface(UnitHandler*, UART*, rtc*, X10*)
                0x0000050c                PCinterface::PCinterface(UnitHandler*, UART*, rtc*, X10*)
                0x00000528                PCinterface::isStart(unsigned char*)
                0x0000056a                PCinterface::getCmd(unsigned char*)
                0x00000594                PCinterface::getData(unsigned char*)
                0x00000630                PCinterface::handleCMD()
                0x00000a66                PCinterface::returnStatus()
 .text          0x00000ab6      0x410 RTC/rtc.o
                0x00000ab6                rtc::rtc(unsigned char, int)
                0x00000ab6                rtc::rtc(unsigned char, int)
                0x00000ad2                rtc::getDayOfWeek()
                0x00000b30                rtc::intToBCD(unsigned char)
                0x00000b40                rtc::setDate(unsigned char, unsigned char, unsigned char, unsigned char)
                0x00000bc6                rtc::setTime(unsigned char, unsigned char, unsigned char)
                0x00000c42                rtc::bcdToInt(unsigned char)
                0x00000c5e                rtc::getYear()
                0x00000cc4                rtc::getMonth()
                0x00000d2a                rtc::getDate()
                0x00000d90                rtc::GetSeconds()
                0x00000df6                rtc::getMinuts()
                0x00000e5c                rtc::getHours()
 .text          0x00000ec6      0x65a SD/sdCard.o
                0x00000ec6                sdCard::sdCard(int)
                0x00000ec6                sdCard::sdCard(int)
                0x00000ee8                sdCard::sendCommand(unsigned char, unsigned long, unsigned char)
                0x00000f64                sdCard::getResponeByte()
                0x00000f6a                sdCard::writeByte(unsigned char)
                0x00000f70                sdCard::init()
                0x000012a0                sdCard::readBlock(unsigned long, unsigned char*)
                0x00001390                sdCard::writeBlock(unsigned long, unsigned char const*)
 .text          0x00001520       0x78 SPI/SPI.o
                0x00001520                SPI::setFreq(int)
                0x00001570                SPI::SPI(int)
                0x00001570                SPI::SPI(int)
                0x0000157e                SPI::writeByte(unsigned char)
                0x0000158a                SPI::recieveByte()
 .text          0x00001598      0x144 Uart/uartDriver.o
                0x00001598                UART::UART(unsigned long, unsigned char, char)
                0x00001598                UART::UART(unsigned long, unsigned char, char)
                0x0000163e                UART::charReady()
                0x00001646                UART::readChar()
                0x00001656                UART::sendChar(char)
                0x00001666                UART::sendString(char*)
                0x00001690                UART::sendInteger(int)
 .text          0x000016dc     0x1012 UnitHandler/UnitHandler.o
                0x000016dc                UnitHandler::UnitHandler(sdCard*)
                0x000016dc                UnitHandler::UnitHandler(sdCard*)
                0x000016e6                UnitHandler::getUnitList(unsigned char*)
                0x000016fa                UnitHandler::checkStdAssignment()
                0x0000176c                UnitHandler::addUnitToList(unsigned char, unsigned char)
                0x0000180e                UnitHandler::removeUnitFromList(unsigned char)
                0x0000192a                UnitHandler::searchFreeBlocks()
                0x000019ae                UnitHandler::AddUnit(unsigned char)
                0x00001b20                UnitHandler::getRoomList(unsigned char*)
                0x00001b36                UnitHandler::RemoveUnit(unsigned char)
                0x00001cd4                UnitHandler::createNewRoom(unsigned char)
                0x00001d8a                UnitHandler::addUnitToRoom(unsigned char)
                0x00001e20                UnitHandler::AddUnit(unsigned char, unsigned char)
                0x00001fbe                UnitHandler::removeUnitFromRoom(unsigned char, unsigned char)
                0x0000213e                UnitHandler::deleteRoom(unsigned char)
                0x000022ae                UnitHandler::UpdateTime(unsigned char, unsigned char*)
                0x000023c6                UnitHandler::getTimeTable(unsigned char, unsigned char, unsigned char*)
                0x000024d8                UnitHandler::editUnit(unsigned char, unsigned char, unsigned char)
                0x000026e8                UnitHandler::getUnitCount()
 .text          0x000026ee      0x312 X10/X10.o
                0x000026ee                X10::X10(unsigned char, unsigned char)
                0x000026ee                X10::X10(unsigned char, unsigned char)
                0x0000271e                X10::getUnitStatus(unsigned char, bool&)
                0x000027fc                X10::switchState(unsigned char, bool)
                0x000028b6                X10::replyStatus(bool)
                0x000028cc                X10::replyOk()
                0x000028e2                X10::recieveData()
                0x0000297c                X10::switchLight(bool)
                0x0000297e                X10::reciveSendHighInterupt()
                0x000029b2                X10::reciveSendLowInterupt()
                0x000029e6                X10::stop120Interupt()
                0x000029ee                X10::resetReciverInterupt()
                0x000029f8                X10::inputCompleteInterupt()
 .text          0x00002a00      0x398 X10/X10_modtager.o
                0x00002a00                X10_modtager::resetReceiver()
                0x00002a2c                X10_modtager::X10_modtager(unsigned char, unsigned char)
                0x00002a2c                X10_modtager::X10_modtager(unsigned char, unsigned char)
                0x00002a46                X10_modtager::startTimout()
                0x00002a5e                X10_modtager::resetTimout()
                0x00002a6c                X10_modtager::writeDataToPacket1(unsigned char)
                0x00002aa6                X10_modtager::writeDataToPacket2(unsigned char)
                0x00002af0                X10_modtager::isPacketForMe()
                0x00002b1e                X10_modtager::getPacketType()
                0x00002b26                X10_modtager::getPacketData()
                0x00002b5a                X10_modtager::isValidStart()
                0x00002b6c                X10_modtager::checkForZero(unsigned char)
                0x00002b76                X10_modtager::validatePackets()
                0x00002bc6                X10_modtager::receiveData(unsigned char)
                0x00002cac                X10_modtager::fetchData(unsigned char&, unsigned char&, bool&)
                0x00002cdc                X10_modtager::isDataReady()
                0x00002ce2                X10_modtager::startInput()
                0x00002cee                X10_modtager::inputComplete()
                0x00002d0c                X10_modtager::receiveHigh()
                0x00002d4e                X10_modtager::receiveLow()
 .text          0x00002d98      0x45c X10/X10_sender.o
                0x00002d98                X10_sender::X10_sender()
                0x00002d98                X10_sender::X10_sender()
                0x00002e36                X10_sender::start120()
                0x00002e56                X10_sender::stop120()
                0x00002e76                X10_sender::setSendMode(bool)
                0x00002e7c                X10_sender::getSendMode()
                0x00002e82                X10_sender::getPacket1()
                0x00002e8a                X10_sender::getPacket2()
                0x00002e92                X10_sender::getCurrentPacket()
                0x00002e98                X10_sender::setCurrentPacket(unsigned char)
                0x00002e9e                X10_sender::decrementCurrentPos1()
                0x00002ea8                X10_sender::getCurrentPos1()
                0x00002eae                X10_sender::decrementCurrentPos2()
                0x00002eb8                X10_sender::getCurrentPos2()
                0x00002ebe                X10_sender::generateParity(unsigned int, unsigned int)
                0x00002f04                X10_sender::sendCommand(unsigned char, unsigned char, unsigned char, unsigned char)
                0x00003064                X10_sender::sendHigh()
                0x00003126                X10_sender::sendLow()
 .text          0x000031f4        0x0 c:/program files (x86)/atmel/atmel studio 6.0/extensions/atmel/avrgcc/3.4.1.95/avrtoolchain/bin/../lib/gcc/avr/4.6.2/avr6\libgcc.a(_udivmodqi4.o)
 .text          0x000031f4        0x0 c:/program files (x86)/atmel/atmel studio 6.0/extensions/atmel/avrgcc/3.4.1.95/avrtoolchain/bin/../lib/gcc/avr/4.6.2/avr6\libgcc.a(_udivmodsi4.o)
 .text          0x000031f4        0x0 c:/program files (x86)/atmel/atmel studio 6.0/extensions/atmel/avrgcc/3.4.1.95/avrtoolchain/bin/../lib/gcc/avr/4.6.2/avr6\libgcc.a(_exit.o)
 .text          0x000031f4        0x0 c:/program files (x86)/atmel/atmel studio 6.0/extensions/atmel/avrgcc/3.4.1.95/avrtoolchain/bin/../lib/gcc/avr/4.6.2/avr6\libgcc.a(_copy_data.o)
 .text          0x000031f4        0x0 c:/program files (x86)/atmel/atmel studio 6.0/extensions/atmel/avrgcc/3.4.1.95/avrtoolchain/bin/../lib/gcc/avr/4.6.2/avr6\libgcc.a(_clear_bss.o)
 .text          0x000031f4        0x0 c:/program files (x86)/atmel/atmel studio 6.0/extensions/atmel/avrgcc/3.4.1.95/avrtoolchain/bin/../lib/gcc/avr/4.6.2/avr6\libgcc.a(_ctors.o)
 .text          0x000031f4        0x0 c:/program files (x86)/atmel/atmel studio 6.0/extensions/atmel/avrgcc/3.4.1.95/avrtoolchain/bin/../lib/gcc/avr/4.6.2/avr6\libgcc.a(_tablejump_elpm.o)
 .text          0x000031f4        0x0 c:/program files (x86)/atmel/atmel studio 6.0/extensions/atmel/avrgcc/3.4.1.95/avrtoolchain/bin/../lib/gcc/avr/4.6.2/../../../../avr/lib/avr6\libc.a(itoa.o)
 .text          0x000031f4        0x0 c:/program files (x86)/atmel/atmel studio 6.0/extensions/atmel/avrgcc/3.4.1.95/avrtoolchain/bin/../lib/gcc/avr/4.6.2/../../../../avr/lib/avr6\libc.a(strrev.o)
 .text          0x000031f4        0x0 c:/program files (x86)/atmel/atmel studio 6.0/extensions/atmel/avrgcc/3.4.1.95/avrtoolchain/bin/../lib/gcc/avr/4.6.2/avr6\libgcc.a(_udivmodhi4.o)
                0x000031f4                . = ALIGN (0x2)
 *(.text.*)
 .text.libgcc   0x000031f4       0x18 c:/program files (x86)/atmel/atmel studio 6.0/extensions/atmel/avrgcc/3.4.1.95/avrtoolchain/bin/../lib/gcc/avr/4.6.2/avr6\libgcc.a(_udivmodqi4.o)
                0x000031f4                __udivmodqi4
 .text.libgcc   0x0000320c       0x44 c:/program files (x86)/atmel/atmel studio 6.0/extensions/atmel/avrgcc/3.4.1.95/avrtoolchain/bin/../lib/gcc/avr/4.6.2/avr6\libgcc.a(_udivmodsi4.o)
                0x0000320c                __udivmodsi4
 .text.libgcc   0x00003250        0x0 c:/program files (x86)/atmel/atmel studio 6.0/extensions/atmel/avrgcc/3.4.1.95/avrtoolchain/bin/../lib/gcc/avr/4.6.2/avr6\libgcc.a(_exit.o)
 .text.libgcc   0x00003250        0x0 c:/program files (x86)/atmel/atmel studio 6.0/extensions/atmel/avrgcc/3.4.1.95/avrtoolchain/bin/../lib/gcc/avr/4.6.2/avr6\libgcc.a(_copy_data.o)
 .text.libgcc   0x00003250        0x0 c:/program files (x86)/atmel/atmel studio 6.0/extensions/atmel/avrgcc/3.4.1.95/avrtoolchain/bin/../lib/gcc/avr/4.6.2/avr6\libgcc.a(_clear_bss.o)
 .text.libgcc   0x00003250        0x0 c:/program files (x86)/atmel/atmel studio 6.0/extensions/atmel/avrgcc/3.4.1.95/avrtoolchain/bin/../lib/gcc/avr/4.6.2/avr6\libgcc.a(_ctors.o)
 .text.libgcc   0x00003250        0x8 c:/program files (x86)/atmel/atmel studio 6.0/extensions/atmel/avrgcc/3.4.1.95/avrtoolchain/bin/../lib/gcc/avr/4.6.2/avr6\libgcc.a(_tablejump_elpm.o)
                0x00003250                __tablejump_elpm__
 .text.avr-libc
                0x00003258       0x42 c:/program files (x86)/atmel/atmel studio 6.0/extensions/atmel/avrgcc/3.4.1.95/avrtoolchain/bin/../lib/gcc/avr/4.6.2/../../../../avr/lib/avr6\libc.a(itoa.o)
                0x00003258                itoa
 .text.avr-libc
                0x0000329a       0x20 c:/program files (x86)/atmel/atmel studio 6.0/extensions/atmel/avrgcc/3.4.1.95/avrtoolchain/bin/../lib/gcc/avr/4.6.2/../../../../avr/lib/avr6\libc.a(strrev.o)
                0x0000329a                strrev
 .text.libgcc   0x000032ba       0x28 c:/program files (x86)/atmel/atmel studio 6.0/extensions/atmel/avrgcc/3.4.1.95/avrtoolchain/bin/../lib/gcc/avr/4.6.2/avr6\libgcc.a(_udivmodhi4.o)
                0x000032ba                __udivmodhi4
                0x000032e2                . = ALIGN (0x2)
 *(.fini9)
 .fini9         0x000032e2        0x0 c:/program files (x86)/atmel/atmel studio 6.0/extensions/atmel/avrgcc/3.4.1.95/avrtoolchain/bin/../lib/gcc/avr/4.6.2/avr6\libgcc.a(_exit.o)
                0x000032e2                _exit
                0x000032e2                exit
 *(.fini9)
 *(.fini8)
 *(.fini8)
 *(.fini7)
 *(.fini7)
 *(.fini6)
 *(.fini6)
 *(.fini5)
 *(.fini5)
 *(.fini4)
 *(.fini4)
 *(.fini3)
 *(.fini3)
 *(.fini2)
 *(.fini2)
 *(.fini1)
 *(.fini1)
 *(.fini0)
 .fini0         0x000032e2        0x4 c:/program files (x86)/atmel/atmel studio 6.0/extensions/atmel/avrgcc/3.4.1.95/avrtoolchain/bin/../lib/gcc/avr/4.6.2/avr6\libgcc.a(_exit.o)
 *(.fini0)
                0x000032e6                _etext = .

.data           0x00800200        0x0 load address 0x000032e6
                0x00800200                PROVIDE (__data_start, .)
 *(.data)
 .data          0x00800200        0x0 c:/program files (x86)/atmel/atmel studio 6.0/extensions/atmel/avrgcc/3.4.1.95/avrtoolchain/bin/../lib/gcc/avr/4.6.2/../../../../avr/lib/avr6/crtm2560.o
 .data          0x00800200        0x0 i2c/i2c.o
 .data          0x00800200        0x0 PCInterface.o
 .data          0x00800200        0x0 PCinterface/PCInterface.o
 .data          0x00800200        0x0 RTC/rtc.o
 .data          0x00800200        0x0 SD/sdCard.o
 .data          0x00800200        0x0 SPI/SPI.o
 .data          0x00800200        0x0 Uart/uartDriver.o
 .data          0x00800200        0x0 UnitHandler/UnitHandler.o
 .data          0x00800200        0x0 X10/X10.o
 .data          0x00800200        0x0 X10/X10_modtager.o
 .data          0x00800200        0x0 X10/X10_sender.o
 .data          0x00800200        0x0 c:/program files (x86)/atmel/atmel studio 6.0/extensions/atmel/avrgcc/3.4.1.95/avrtoolchain/bin/../lib/gcc/avr/4.6.2/avr6\libgcc.a(_udivmodqi4.o)
 .data          0x00800200        0x0 c:/program files (x86)/atmel/atmel studio 6.0/extensions/atmel/avrgcc/3.4.1.95/avrtoolchain/bin/../lib/gcc/avr/4.6.2/avr6\libgcc.a(_udivmodsi4.o)
 .data          0x00800200        0x0 c:/program files (x86)/atmel/atmel studio 6.0/extensions/atmel/avrgcc/3.4.1.95/avrtoolchain/bin/../lib/gcc/avr/4.6.2/avr6\libgcc.a(_exit.o)
 .data          0x00800200        0x0 c:/program files (x86)/atmel/atmel studio 6.0/extensions/atmel/avrgcc/3.4.1.95/avrtoolchain/bin/../lib/gcc/avr/4.6.2/avr6\libgcc.a(_copy_data.o)
 .data          0x00800200        0x0 c:/program files (x86)/atmel/atmel studio 6.0/extensions/atmel/avrgcc/3.4.1.95/avrtoolchain/bin/../lib/gcc/avr/4.6.2/avr6\libgcc.a(_clear_bss.o)
 .data          0x00800200        0x0 c:/program files (x86)/atmel/atmel studio 6.0/extensions/atmel/avrgcc/3.4.1.95/avrtoolchain/bin/../lib/gcc/avr/4.6.2/avr6\libgcc.a(_ctors.o)
 .data          0x00800200        0x0 c:/program files (x86)/atmel/atmel studio 6.0/extensions/atmel/avrgcc/3.4.1.95/avrtoolchain/bin/../lib/gcc/avr/4.6.2/avr6\libgcc.a(_tablejump_elpm.o)
 .data          0x00800200        0x0 c:/program files (x86)/atmel/atmel studio 6.0/extensions/atmel/avrgcc/3.4.1.95/avrtoolchain/bin/../lib/gcc/avr/4.6.2/../../../../avr/lib/avr6\libc.a(itoa.o)
 .data          0x00800200        0x0 c:/program files (x86)/atmel/atmel studio 6.0/extensions/atmel/avrgcc/3.4.1.95/avrtoolchain/bin/../lib/gcc/avr/4.6.2/../../../../avr/lib/avr6\libc.a(strrev.o)
 .data          0x00800200        0x0 c:/program files (x86)/atmel/atmel studio 6.0/extensions/atmel/avrgcc/3.4.1.95/avrtoolchain/bin/../lib/gcc/avr/4.6.2/avr6\libgcc.a(_udivmodhi4.o)
 *(.data*)
 *(.rodata)
 *(.rodata*)
 *(.gnu.linkonce.d*)
                0x00800200                . = ALIGN (0x2)
                0x00800200                _edata = .
                0x00800200                PROVIDE (__data_end, .)

.bss            0x00800200       0x31
                0x00800200                PROVIDE (__bss_start, .)
 *(.bss)
 .bss           0x00800200        0x0 c:/program files (x86)/atmel/atmel studio 6.0/extensions/atmel/avrgcc/3.4.1.95/avrtoolchain/bin/../lib/gcc/avr/4.6.2/../../../../avr/lib/avr6/crtm2560.o
 .bss           0x00800200        0x0 i2c/i2c.o
 .bss           0x00800200       0x31 PCInterface.o
                0x00800200                uart_com_waiting
                0x00800201                PCIF_obj
                0x0080020d                X10_obj
                0x00800228                handler_obj
                0x0080022b                RTC_obj
                0x0080022d                SD_obj
                0x00800230                uart_obj
 .bss           0x00800231        0x0 PCinterface/PCInterface.o
 .bss           0x00800231        0x0 RTC/rtc.o
 .bss           0x00800231        0x0 SD/sdCard.o
 .bss           0x00800231        0x0 SPI/SPI.o
 .bss           0x00800231        0x0 Uart/uartDriver.o
 .bss           0x00800231        0x0 UnitHandler/UnitHandler.o
 .bss           0x00800231        0x0 X10/X10.o
 .bss           0x00800231        0x0 X10/X10_modtager.o
 .bss           0x00800231        0x0 X10/X10_sender.o
 .bss           0x00800231        0x0 c:/program files (x86)/atmel/atmel studio 6.0/extensions/atmel/avrgcc/3.4.1.95/avrtoolchain/bin/../lib/gcc/avr/4.6.2/avr6\libgcc.a(_udivmodqi4.o)
 .bss           0x00800231        0x0 c:/program files (x86)/atmel/atmel studio 6.0/extensions/atmel/avrgcc/3.4.1.95/avrtoolchain/bin/../lib/gcc/avr/4.6.2/avr6\libgcc.a(_udivmodsi4.o)
 .bss           0x00800231        0x0 c:/program files (x86)/atmel/atmel studio 6.0/extensions/atmel/avrgcc/3.4.1.95/avrtoolchain/bin/../lib/gcc/avr/4.6.2/avr6\libgcc.a(_exit.o)
 .bss           0x00800231        0x0 c:/program files (x86)/atmel/atmel studio 6.0/extensions/atmel/avrgcc/3.4.1.95/avrtoolchain/bin/../lib/gcc/avr/4.6.2/avr6\libgcc.a(_copy_data.o)
 .bss           0x00800231        0x0 c:/program files (x86)/atmel/atmel studio 6.0/extensions/atmel/avrgcc/3.4.1.95/avrtoolchain/bin/../lib/gcc/avr/4.6.2/avr6\libgcc.a(_clear_bss.o)
 .bss           0x00800231        0x0 c:/program files (x86)/atmel/atmel studio 6.0/extensions/atmel/avrgcc/3.4.1.95/avrtoolchain/bin/../lib/gcc/avr/4.6.2/avr6\libgcc.a(_ctors.o)
 .bss           0x00800231        0x0 c:/program files (x86)/atmel/atmel studio 6.0/extensions/atmel/avrgcc/3.4.1.95/avrtoolchain/bin/../lib/gcc/avr/4.6.2/avr6\libgcc.a(_tablejump_elpm.o)
 .bss           0x00800231        0x0 c:/program files (x86)/atmel/atmel studio 6.0/extensions/atmel/avrgcc/3.4.1.95/avrtoolchain/bin/../lib/gcc/avr/4.6.2/../../../../avr/lib/avr6\libc.a(itoa.o)
 .bss           0x00800231        0x0 c:/program files (x86)/atmel/atmel studio 6.0/extensions/atmel/avrgcc/3.4.1.95/avrtoolchain/bin/../lib/gcc/avr/4.6.2/../../../../avr/lib/avr6\libc.a(strrev.o)
 .bss           0x00800231        0x0 c:/program files (x86)/atmel/atmel studio 6.0/extensions/atmel/avrgcc/3.4.1.95/avrtoolchain/bin/../lib/gcc/avr/4.6.2/avr6\libgcc.a(_udivmodhi4.o)
 *(.bss*)
 *(COMMON)
                0x00800231                PROVIDE (__bss_end, .)
                0x000032e6                __data_load_start = LOADADDR (.data)
                0x000032e6                __data_load_end = (__data_load_start + SIZEOF (.data))

.noinit         0x00800231        0x0
                0x00800231                PROVIDE (__noinit_start, .)
 *(.noinit*)
                0x00800231                PROVIDE (__noinit_end, .)
                0x00800231                _end = .
                0x00800231                PROVIDE (__heap_start, .)

.eeprom         0x00810000        0x0
 *(.eeprom*)
                0x00810000                __eeprom_end = .

.fuse
 *(.fuse)
 *(.lfuse)
 *(.hfuse)
 *(.efuse)

.lock
 *(.lock*)

.signature
 *(.signature*)

.stab           0x00000000      0x96c
 *(.stab)
 .stab          0x00000000      0x6e4 c:/program files (x86)/atmel/atmel studio 6.0/extensions/atmel/avrgcc/3.4.1.95/avrtoolchain/bin/../lib/gcc/avr/4.6.2/../../../../avr/lib/avr6/crtm2560.o
 .stab          0x000006e4      0x1b0 c:/program files (x86)/atmel/atmel studio 6.0/extensions/atmel/avrgcc/3.4.1.95/avrtoolchain/bin/../lib/gcc/avr/4.6.2/../../../../avr/lib/avr6\libc.a(itoa.o)
                                0x1bc (size before relaxing)
 .stab          0x00000894       0xd8 c:/program files (x86)/atmel/atmel studio 6.0/extensions/atmel/avrgcc/3.4.1.95/avrtoolchain/bin/../lib/gcc/avr/4.6.2/../../../../avr/lib/avr6\libc.a(strrev.o)
                                 0xe4 (size before relaxing)

.stabstr        0x00000000      0x14d
 *(.stabstr)
 .stabstr       0x00000000      0x14d c:/program files (x86)/atmel/atmel studio 6.0/extensions/atmel/avrgcc/3.4.1.95/avrtoolchain/bin/../lib/gcc/avr/4.6.2/../../../../avr/lib/avr6/crtm2560.o

.stab.excl
 *(.stab.excl)

.stab.exclstr
 *(.stab.exclstr)

.stab.index
 *(.stab.index)

.stab.indexstr
 *(.stab.indexstr)

.comment
 *(.comment)

.debug
 *(.debug)

.line
 *(.line)

.debug_srcinfo
 *(.debug_srcinfo)

.debug_sfnames
 *(.debug_sfnames)

.debug_aranges  0x00000000      0x260
 *(.debug_aranges)
 .debug_aranges
                0x00000000       0x20 i2c/i2c.o
 .debug_aranges
                0x00000020       0x20 PCInterface.o
 .debug_aranges
                0x00000040       0x20 PCinterface/PCInterface.o
 .debug_aranges
                0x00000060       0x20 RTC/rtc.o
 .debug_aranges
                0x00000080       0x20 SD/sdCard.o
 .debug_aranges
                0x000000a0       0x20 SPI/SPI.o
 .debug_aranges
                0x000000c0       0x20 Uart/uartDriver.o
 .debug_aranges
                0x000000e0       0x20 UnitHandler/UnitHandler.o
 .debug_aranges
                0x00000100       0x20 X10/X10.o
 .debug_aranges
                0x00000120       0x20 X10/X10_modtager.o
 .debug_aranges
                0x00000140       0x20 X10/X10_sender.o
 .debug_aranges
                0x00000160       0x20 c:/program files (x86)/atmel/atmel studio 6.0/extensions/atmel/avrgcc/3.4.1.95/avrtoolchain/bin/../lib/gcc/avr/4.6.2/avr6\libgcc.a(_udivmodqi4.o)
 .debug_aranges
                0x00000180       0x20 c:/program files (x86)/atmel/atmel studio 6.0/extensions/atmel/avrgcc/3.4.1.95/avrtoolchain/bin/../lib/gcc/avr/4.6.2/avr6\libgcc.a(_udivmodsi4.o)
 .debug_aranges
                0x000001a0       0x20 c:/program files (x86)/atmel/atmel studio 6.0/extensions/atmel/avrgcc/3.4.1.95/avrtoolchain/bin/../lib/gcc/avr/4.6.2/avr6\libgcc.a(_exit.o)
 .debug_aranges
                0x000001c0       0x20 c:/program files (x86)/atmel/atmel studio 6.0/extensions/atmel/avrgcc/3.4.1.95/avrtoolchain/bin/../lib/gcc/avr/4.6.2/avr6\libgcc.a(_copy_data.o)
 .debug_aranges
                0x000001e0       0x20 c:/program files (x86)/atmel/atmel studio 6.0/extensions/atmel/avrgcc/3.4.1.95/avrtoolchain/bin/../lib/gcc/avr/4.6.2/avr6\libgcc.a(_clear_bss.o)
 .debug_aranges
                0x00000200       0x20 c:/program files (x86)/atmel/atmel studio 6.0/extensions/atmel/avrgcc/3.4.1.95/avrtoolchain/bin/../lib/gcc/avr/4.6.2/avr6\libgcc.a(_ctors.o)
 .debug_aranges
                0x00000220       0x20 c:/program files (x86)/atmel/atmel studio 6.0/extensions/atmel/avrgcc/3.4.1.95/avrtoolchain/bin/../lib/gcc/avr/4.6.2/avr6\libgcc.a(_tablejump_elpm.o)
 .debug_aranges
                0x00000240       0x20 c:/program files (x86)/atmel/atmel studio 6.0/extensions/atmel/avrgcc/3.4.1.95/avrtoolchain/bin/../lib/gcc/avr/4.6.2/avr6\libgcc.a(_udivmodhi4.o)

.debug_pubnames
 *(.debug_pubnames)

.debug_info     0x00000000     0x7394
 *(.debug_info)
 .debug_info    0x00000000      0x23e i2c/i2c.o
 .debug_info    0x0000023e     0x1486 PCInterface.o
 .debug_info    0x000016c4     0x16b2 PCinterface/PCInterface.o
 .debug_info    0x00002d76      0x6a1 RTC/rtc.o
 .debug_info    0x00003417      0x637 SD/sdCard.o
 .debug_info    0x00003a4e      0x1e0 SPI/SPI.o
 .debug_info    0x00003c2e      0x313 Uart/uartDriver.o
 .debug_info    0x00003f41     0x120e UnitHandler/UnitHandler.o
 .debug_info    0x0000514f      0xbdd X10/X10.o
 .debug_info    0x00005d2c      0x8a0 X10/X10_modtager.o
 .debug_info    0x000065cc      0x6e0 X10/X10_sender.o
 .debug_info    0x00006cac       0xdd c:/program files (x86)/atmel/atmel studio 6.0/extensions/atmel/avrgcc/3.4.1.95/avrtoolchain/bin/../lib/gcc/avr/4.6.2/avr6\libgcc.a(_udivmodqi4.o)
 .debug_info    0x00006d89       0xdd c:/program files (x86)/atmel/atmel studio 6.0/extensions/atmel/avrgcc/3.4.1.95/avrtoolchain/bin/../lib/gcc/avr/4.6.2/avr6\libgcc.a(_udivmodsi4.o)
 .debug_info    0x00006e66       0xdd c:/program files (x86)/atmel/atmel studio 6.0/extensions/atmel/avrgcc/3.4.1.95/avrtoolchain/bin/../lib/gcc/avr/4.6.2/avr6\libgcc.a(_exit.o)
 .debug_info    0x00006f43       0xdd c:/program files (x86)/atmel/atmel studio 6.0/extensions/atmel/avrgcc/3.4.1.95/avrtoolchain/bin/../lib/gcc/avr/4.6.2/avr6\libgcc.a(_copy_data.o)
 .debug_info    0x00007020       0xdd c:/program files (x86)/atmel/atmel studio 6.0/extensions/atmel/avrgcc/3.4.1.95/avrtoolchain/bin/../lib/gcc/avr/4.6.2/avr6\libgcc.a(_clear_bss.o)
 .debug_info    0x000070fd       0xdd c:/program files (x86)/atmel/atmel studio 6.0/extensions/atmel/avrgcc/3.4.1.95/avrtoolchain/bin/../lib/gcc/avr/4.6.2/avr6\libgcc.a(_ctors.o)
 .debug_info    0x000071da       0xdd c:/program files (x86)/atmel/atmel studio 6.0/extensions/atmel/avrgcc/3.4.1.95/avrtoolchain/bin/../lib/gcc/avr/4.6.2/avr6\libgcc.a(_tablejump_elpm.o)
 .debug_info    0x000072b7       0xdd c:/program files (x86)/atmel/atmel studio 6.0/extensions/atmel/avrgcc/3.4.1.95/avrtoolchain/bin/../lib/gcc/avr/4.6.2/avr6\libgcc.a(_udivmodhi4.o)
 *(.gnu.linkonce.wi.*)

.debug_abbrev   0x00000000     0x16de
 *(.debug_abbrev)
 .debug_abbrev  0x00000000      0x128 i2c/i2c.o
 .debug_abbrev  0x00000128      0x29f PCInterface.o
 .debug_abbrev  0x000003c7      0x2df PCinterface/PCInterface.o
 .debug_abbrev  0x000006a6      0x1c3 RTC/rtc.o
 .debug_abbrev  0x00000869      0x26f SD/sdCard.o
 .debug_abbrev  0x00000ad8      0x11f SPI/SPI.o
 .debug_abbrev  0x00000bf7      0x19a Uart/uartDriver.o
 .debug_abbrev  0x00000d91      0x2b5 UnitHandler/UnitHandler.o
 .debug_abbrev  0x00001046      0x1f7 X10/X10.o
 .debug_abbrev  0x0000123d      0x1fa X10/X10_modtager.o
 .debug_abbrev  0x00001437      0x207 X10/X10_sender.o
 .debug_abbrev  0x0000163e       0x14 c:/program files (x86)/atmel/atmel studio 6.0/extensions/atmel/avrgcc/3.4.1.95/avrtoolchain/bin/../lib/gcc/avr/4.6.2/avr6\libgcc.a(_udivmodqi4.o)
 .debug_abbrev  0x00001652       0x14 c:/program files (x86)/atmel/atmel studio 6.0/extensions/atmel/avrgcc/3.4.1.95/avrtoolchain/bin/../lib/gcc/avr/4.6.2/avr6\libgcc.a(_udivmodsi4.o)
 .debug_abbrev  0x00001666       0x14 c:/program files (x86)/atmel/atmel studio 6.0/extensions/atmel/avrgcc/3.4.1.95/avrtoolchain/bin/../lib/gcc/avr/4.6.2/avr6\libgcc.a(_exit.o)
 .debug_abbrev  0x0000167a       0x14 c:/program files (x86)/atmel/atmel studio 6.0/extensions/atmel/avrgcc/3.4.1.95/avrtoolchain/bin/../lib/gcc/avr/4.6.2/avr6\libgcc.a(_copy_data.o)
 .debug_abbrev  0x0000168e       0x14 c:/program files (x86)/atmel/atmel studio 6.0/extensions/atmel/avrgcc/3.4.1.95/avrtoolchain/bin/../lib/gcc/avr/4.6.2/avr6\libgcc.a(_clear_bss.o)
 .debug_abbrev  0x000016a2       0x14 c:/program files (x86)/atmel/atmel studio 6.0/extensions/atmel/avrgcc/3.4.1.95/avrtoolchain/bin/../lib/gcc/avr/4.6.2/avr6\libgcc.a(_ctors.o)
 .debug_abbrev  0x000016b6       0x14 c:/program files (x86)/atmel/atmel studio 6.0/extensions/atmel/avrgcc/3.4.1.95/avrtoolchain/bin/../lib/gcc/avr/4.6.2/avr6\libgcc.a(_tablejump_elpm.o)
 .debug_abbrev  0x000016ca       0x14 c:/program files (x86)/atmel/atmel studio 6.0/extensions/atmel/avrgcc/3.4.1.95/avrtoolchain/bin/../lib/gcc/avr/4.6.2/avr6\libgcc.a(_udivmodhi4.o)

.debug_line     0x00000000     0x16b2
 *(.debug_line)
 .debug_line    0x00000000       0x73 i2c/i2c.o
 .debug_line    0x00000073      0x2e0 PCInterface.o
 .debug_line    0x00000353      0x2de PCinterface/PCInterface.o
 .debug_line    0x00000631       0xdf RTC/rtc.o
 .debug_line    0x00000710      0x32c SD/sdCard.o
 .debug_line    0x00000a3c       0x6a SPI/SPI.o
 .debug_line    0x00000aa6       0x8f Uart/uartDriver.o
 .debug_line    0x00000b35      0x3c1 UnitHandler/UnitHandler.o
 .debug_line    0x00000ef6       0xd6 X10/X10.o
 .debug_line    0x00000fcc      0x13b X10/X10_modtager.o
 .debug_line    0x00001107      0x109 X10/X10_sender.o
 .debug_line    0x00001210       0x92 c:/program files (x86)/atmel/atmel studio 6.0/extensions/atmel/avrgcc/3.4.1.95/avrtoolchain/bin/../lib/gcc/avr/4.6.2/avr6\libgcc.a(_udivmodqi4.o)
 .debug_line    0x000012a2       0xa8 c:/program files (x86)/atmel/atmel studio 6.0/extensions/atmel/avrgcc/3.4.1.95/avrtoolchain/bin/../lib/gcc/avr/4.6.2/avr6\libgcc.a(_udivmodsi4.o)
 .debug_line    0x0000134a       0x88 c:/program files (x86)/atmel/atmel studio 6.0/extensions/atmel/avrgcc/3.4.1.95/avrtoolchain/bin/../lib/gcc/avr/4.6.2/avr6\libgcc.a(_exit.o)
 .debug_line    0x000013d2       0x96 c:/program files (x86)/atmel/atmel studio 6.0/extensions/atmel/avrgcc/3.4.1.95/avrtoolchain/bin/../lib/gcc/avr/4.6.2/avr6\libgcc.a(_copy_data.o)
 .debug_line    0x00001468       0x8e c:/program files (x86)/atmel/atmel studio 6.0/extensions/atmel/avrgcc/3.4.1.95/avrtoolchain/bin/../lib/gcc/avr/4.6.2/avr6\libgcc.a(_clear_bss.o)
 .debug_line    0x000014f6       0x98 c:/program files (x86)/atmel/atmel studio 6.0/extensions/atmel/avrgcc/3.4.1.95/avrtoolchain/bin/../lib/gcc/avr/4.6.2/avr6\libgcc.a(_ctors.o)
 .debug_line    0x0000158e       0x8a c:/program files (x86)/atmel/atmel studio 6.0/extensions/atmel/avrgcc/3.4.1.95/avrtoolchain/bin/../lib/gcc/avr/4.6.2/avr6\libgcc.a(_tablejump_elpm.o)
 .debug_line    0x00001618       0x9a c:/program files (x86)/atmel/atmel studio 6.0/extensions/atmel/avrgcc/3.4.1.95/avrtoolchain/bin/../lib/gcc/avr/4.6.2/avr6\libgcc.a(_udivmodhi4.o)

.debug_frame    0x00000000     0x10c4
 *(.debug_frame)
 .debug_frame   0x00000000       0x64 i2c/i2c.o
 .debug_frame   0x00000064      0x27c PCInterface.o
 .debug_frame   0x000002e0      0x12c PCinterface/PCInterface.o
 .debug_frame   0x0000040c      0x1ec RTC/rtc.o
 .debug_frame   0x000005f8      0x164 SD/sdCard.o
 .debug_frame   0x0000075c       0x54 SPI/SPI.o
 .debug_frame   0x000007b0       0xa8 Uart/uartDriver.o
 .debug_frame   0x00000858      0x3e4 UnitHandler/UnitHandler.o
 .debug_frame   0x00000c3c      0x194 X10/X10.o
 .debug_frame   0x00000dd0      0x184 X10/X10_modtager.o
 .debug_frame   0x00000f54      0x170 X10/X10_sender.o

.debug_str      0x00000000     0x1877
 *(.debug_str)
 .debug_str     0x00000000      0x138 i2c/i2c.o
                                0x171 (size before relaxing)
 .debug_str     0x00000138     0x12e1 PCInterface.o
                               0x1437 (size before relaxing)
 .debug_str     0x00001419       0xbd PCinterface/PCInterface.o
                               0x13a9 (size before relaxing)
 .debug_str     0x000014d6       0xa9 RTC/rtc.o
                                0x346 (size before relaxing)
 .debug_str     0x0000157f       0x91 SD/sdCard.o
                                0x2bb (size before relaxing)
 .debug_str     0x00001610       0x14 SPI/SPI.o
                                0x162 (size before relaxing)
 .debug_str     0x00001624       0x56 Uart/uartDriver.o
                                0x1f9 (size before relaxing)
 .debug_str     0x0000167a      0x136 UnitHandler/UnitHandler.o
                                0x68d (size before relaxing)
 .debug_str     0x000017b0       0x36 X10/X10.o
                                0xb17 (size before relaxing)
 .debug_str     0x000017e6       0x29 X10/X10_modtager.o
                                0x631 (size before relaxing)
 .debug_str     0x0000180f       0x68 X10/X10_sender.o
                                0x4c1 (size before relaxing)

.debug_loc      0x00000000     0x468c
 *(.debug_loc)
 .debug_loc     0x00000000       0x88 i2c/i2c.o
 .debug_loc     0x00000088      0x58f PCInterface.o
 .debug_loc     0x00000617      0x68e PCinterface/PCInterface.o
 .debug_loc     0x00000ca5      0x7bf RTC/rtc.o
 .debug_loc     0x00001464      0x65e SD/sdCard.o
 .debug_loc     0x00001ac2       0x98 SPI/SPI.o
 .debug_loc     0x00001b5a      0x23c Uart/uartDriver.o
 .debug_loc     0x00001d96     0x1862 UnitHandler/UnitHandler.o
 .debug_loc     0x000035f8      0x5ba X10/X10.o
 .debug_loc     0x00003bb2      0x50f X10/X10_modtager.o
 .debug_loc     0x000040c1      0x5cb X10/X10_sender.o

.debug_macinfo
 *(.debug_macinfo)
OUTPUT(PCInterface.elf elf32-avr)
LOAD linker stubs

.debug_ranges   0x00000000      0x198
 .debug_ranges  0x00000000       0x78 PCinterface/PCInterface.o
 .debug_ranges  0x00000078       0x18 SD/sdCard.o
 .debug_ranges  0x00000090      0x108 UnitHandler/UnitHandler.o
