Archive member included because of file (symbol)

c:/program files (x86)/atmel/atmel studio 6.0/extensions/atmel/avrgcc/3.4.1.95/avrtoolchain/bin/../lib/gcc/avr/4.6.2/avr6\libgcc.a(_udivmodqi4.o)
                              RTC/rtc.o (__udivmodqi4)
c:/program files (x86)/atmel/atmel studio 6.0/extensions/atmel/avrgcc/3.4.1.95/avrtoolchain/bin/../lib/gcc/avr/4.6.2/avr6\libgcc.a(_udivmodsi4.o)
                              Uart/uartDriver.o (__udivmodsi4)
c:/program files (x86)/atmel/atmel studio 6.0/extensions/atmel/avrgcc/3.4.1.95/avrtoolchain/bin/../lib/gcc/avr/4.6.2/avr6\libgcc.a(_exit.o)
                              c:/program files (x86)/atmel/atmel studio 6.0/extensions/atmel/avrgcc/3.4.1.95/avrtoolchain/bin/../lib/gcc/avr/4.6.2/../../../../avr/lib/avr6/crtm2560.o (exit)
c:/program files (x86)/atmel/atmel studio 6.0/extensions/atmel/avrgcc/3.4.1.95/avrtoolchain/bin/../lib/gcc/avr/4.6.2/avr6\libgcc.a(_copy_data.o)
                              i2c/i2c.o (__do_copy_data)
c:/program files (x86)/atmel/atmel studio 6.0/extensions/atmel/avrgcc/3.4.1.95/avrtoolchain/bin/../lib/gcc/avr/4.6.2/avr6\libgcc.a(_clear_bss.o)
                              i2c/i2c.o (__do_clear_bss)
c:/program files (x86)/atmel/atmel studio 6.0/extensions/atmel/avrgcc/3.4.1.95/avrtoolchain/bin/../lib/gcc/avr/4.6.2/avr6\libgcc.a(_ctors.o)
                              PCInterface.o (__do_global_ctors)
c:/program files (x86)/atmel/atmel studio 6.0/extensions/atmel/avrgcc/3.4.1.95/avrtoolchain/bin/../lib/gcc/avr/4.6.2/avr6\libgcc.a(_tablejump_elpm.o)
                              c:/program files (x86)/atmel/atmel studio 6.0/extensions/atmel/avrgcc/3.4.1.95/avrtoolchain/bin/../lib/gcc/avr/4.6.2/avr6\libgcc.a(_ctors.o) (__tablejump_elpm__)
c:/program files (x86)/atmel/atmel studio 6.0/extensions/atmel/avrgcc/3.4.1.95/avrtoolchain/bin/../lib/gcc/avr/4.6.2/../../../../avr/lib/avr6\libc.a(itoa.o)
                              Uart/uartDriver.o (itoa)
c:/program files (x86)/atmel/atmel studio 6.0/extensions/atmel/avrgcc/3.4.1.95/avrtoolchain/bin/../lib/gcc/avr/4.6.2/../../../../avr/lib/avr6\libc.a(strrev.o)
                              c:/program files (x86)/atmel/atmel studio 6.0/extensions/atmel/avrgcc/3.4.1.95/avrtoolchain/bin/../lib/gcc/avr/4.6.2/../../../../avr/lib/avr6\libc.a(itoa.o) (strrev)
c:/program files (x86)/atmel/atmel studio 6.0/extensions/atmel/avrgcc/3.4.1.95/avrtoolchain/bin/../lib/gcc/avr/4.6.2/avr6\libgcc.a(_udivmodhi4.o)
                              c:/program files (x86)/atmel/atmel studio 6.0/extensions/atmel/avrgcc/3.4.1.95/avrtoolchain/bin/../lib/gcc/avr/4.6.2/../../../../avr/lib/avr6\libc.a(itoa.o) (__udivmodhi4)

Memory Configuration

Name             Origin             Length             Attributes
text             0x00000000         0x00100000         xr
data             0x00800200         0x0000fe00         rw !x
eeprom           0x00810000         0x00010000         rw !x
fuse             0x00820000         0x00000400         rw !x
lock             0x00830000         0x00000400         rw !x
signature        0x00840000         0x00000400         rw !x
*default*        0x00000000         0xffffffff

Linker script and memory map

Address of section .data set to 0x800200
LOAD c:/program files (x86)/atmel/atmel studio 6.0/extensions/atmel/avrgcc/3.4.1.95/avrtoolchain/bin/../lib/gcc/avr/4.6.2/../../../../avr/lib/avr6/crtm2560.o
LOAD i2c/i2c.o
LOAD PCInterface.o
LOAD PCinterface/PCInterface.o
LOAD RTC/rtc.o
LOAD SD/sdCard.o
LOAD SPI/SPI.o
LOAD Uart/uartDriver.o
LOAD UnitHandler/UnitHandler.o
START GROUP
LOAD c:/program files (x86)/atmel/atmel studio 6.0/extensions/atmel/avrgcc/3.4.1.95/avrtoolchain/bin/../lib/gcc/avr/4.6.2/../../../../avr/lib/avr6\libm.a
END GROUP
LOAD c:/program files (x86)/atmel/atmel studio 6.0/extensions/atmel/avrgcc/3.4.1.95/avrtoolchain/bin/../lib/gcc/avr/4.6.2/avr6\libgcc.a
LOAD c:/program files (x86)/atmel/atmel studio 6.0/extensions/atmel/avrgcc/3.4.1.95/avrtoolchain/bin/../lib/gcc/avr/4.6.2/../../../../avr/lib/avr6\libm.a
LOAD c:/program files (x86)/atmel/atmel studio 6.0/extensions/atmel/avrgcc/3.4.1.95/avrtoolchain/bin/../lib/gcc/avr/4.6.2/avr6\libgcc.a
LOAD c:/program files (x86)/atmel/atmel studio 6.0/extensions/atmel/avrgcc/3.4.1.95/avrtoolchain/bin/../lib/gcc/avr/4.6.2/../../../../avr/lib/avr6\libc.a
LOAD c:/program files (x86)/atmel/atmel studio 6.0/extensions/atmel/avrgcc/3.4.1.95/avrtoolchain/bin/../lib/gcc/avr/4.6.2/avr6\libgcc.a

.hash
 *(.hash)

.dynsym
 *(.dynsym)

.dynstr
 *(.dynstr)

.gnu.version
 *(.gnu.version)

.gnu.version_d
 *(.gnu.version_d)

.gnu.version_r
 *(.gnu.version_r)

.rel.init
 *(.rel.init)

.rela.init
 *(.rela.init)

.rel.text
 *(.rel.text)
 *(.rel.text.*)
 *(.rel.gnu.linkonce.t*)

.rela.text
 *(.rela.text)
 *(.rela.text.*)
 *(.rela.gnu.linkonce.t*)

.rel.fini
 *(.rel.fini)

.rela.fini
 *(.rela.fini)

.rel.rodata
 *(.rel.rodata)
 *(.rel.rodata.*)
 *(.rel.gnu.linkonce.r*)

.rela.rodata
 *(.rela.rodata)
 *(.rela.rodata.*)
 *(.rela.gnu.linkonce.r*)

.rel.data
 *(.rel.data)
 *(.rel.data.*)
 *(.rel.gnu.linkonce.d*)

.rela.data
 *(.rela.data)
 *(.rela.data.*)
 *(.rela.gnu.linkonce.d*)

.rel.ctors
 *(.rel.ctors)

.rela.ctors
 *(.rela.ctors)

.rel.dtors
 *(.rel.dtors)

.rela.dtors
 *(.rela.dtors)

.rel.got
 *(.rel.got)

.rela.got
 *(.rela.got)

.rel.bss
 *(.rel.bss)

.rela.bss
 *(.rela.bss)

.rel.plt
 *(.rel.plt)

.rela.plt
 *(.rela.plt)

.text           0x00000000     0x254e
 *(.vectors)
 .vectors       0x00000000       0xe4 c:/program files (x86)/atmel/atmel studio 6.0/extensions/atmel/avrgcc/3.4.1.95/avrtoolchain/bin/../lib/gcc/avr/4.6.2/../../../../avr/lib/avr6/crtm2560.o
                0x00000000                __vector_default
                0x00000000                __vectors
 *(.vectors)
 *(.progmem.gcc*)
 *(.progmem*)
                0x000000e4                . = ALIGN (0x2)
                0x000000e4                __trampolines_start = .
 *(.trampolines)
 .trampolines   0x000000e4        0x0 linker stubs
 *(.trampolines*)
                0x000000e4                __trampolines_end = .
 *(.jumptables)
 *(.jumptables*)
 *(.lowtext)
 *(.lowtext*)
                0x000000e4                __ctors_start = .
 *(.ctors)
 .ctors         0x000000e4        0x2 PCInterface.o
                0x000000e6                __ctors_end = .
                0x000000e6                __dtors_start = .
 *(.dtors)
                0x000000e6                __dtors_end = .
 SORT(*)(.ctors)
 SORT(*)(.dtors)
 *(.init0)
 .init0         0x000000e6        0x0 c:/program files (x86)/atmel/atmel studio 6.0/extensions/atmel/avrgcc/3.4.1.95/avrtoolchain/bin/../lib/gcc/avr/4.6.2/../../../../avr/lib/avr6/crtm2560.o
                0x000000e6                __init
 *(.init0)
 *(.init1)
 *(.init1)
 *(.init2)
 .init2         0x000000e6       0x10 c:/program files (x86)/atmel/atmel studio 6.0/extensions/atmel/avrgcc/3.4.1.95/avrtoolchain/bin/../lib/gcc/avr/4.6.2/../../../../avr/lib/avr6/crtm2560.o
 *(.init2)
 *(.init3)
 *(.init3)
 *(.init4)
 .init4         0x000000f6       0x1c c:/program files (x86)/atmel/atmel studio 6.0/extensions/atmel/avrgcc/3.4.1.95/avrtoolchain/bin/../lib/gcc/avr/4.6.2/avr6\libgcc.a(_copy_data.o)
                0x000000f6                __do_copy_data
 .init4         0x00000112       0x10 c:/program files (x86)/atmel/atmel studio 6.0/extensions/atmel/avrgcc/3.4.1.95/avrtoolchain/bin/../lib/gcc/avr/4.6.2/avr6\libgcc.a(_clear_bss.o)
                0x00000112                __do_clear_bss
 *(.init4)
 *(.init5)
 *(.init5)
 *(.init6)
 .init6         0x00000122       0x22 c:/program files (x86)/atmel/atmel studio 6.0/extensions/atmel/avrgcc/3.4.1.95/avrtoolchain/bin/../lib/gcc/avr/4.6.2/avr6\libgcc.a(_ctors.o)
                0x00000122                __do_global_ctors
 *(.init6)
 *(.init7)
 *(.init7)
 *(.init8)
 *(.init8)
 *(.init9)
 .init9         0x00000144        0x8 c:/program files (x86)/atmel/atmel studio 6.0/extensions/atmel/avrgcc/3.4.1.95/avrtoolchain/bin/../lib/gcc/avr/4.6.2/../../../../avr/lib/avr6/crtm2560.o
 *(.init9)
 *(.text)
 .text          0x0000014c        0x4 c:/program files (x86)/atmel/atmel studio 6.0/extensions/atmel/avrgcc/3.4.1.95/avrtoolchain/bin/../lib/gcc/avr/4.6.2/../../../../avr/lib/avr6/crtm2560.o
                0x0000014c                __vector_38
                0x0000014c                __vector_22
                0x0000014c                __vector_28
                0x0000014c                __vector_1
                0x0000014c                __vector_32
                0x0000014c                __vector_34
                0x0000014c                __vector_24
                0x0000014c                __vector_12
                0x0000014c                __vector_55
                0x0000014c                __vector_46
                0x0000014c                __bad_interrupt
                0x0000014c                __vector_6
                0x0000014c                __vector_31
                0x0000014c                __vector_35
                0x0000014c                __vector_39
                0x0000014c                __vector_3
                0x0000014c                __vector_23
                0x0000014c                __vector_30
                0x0000014c                __vector_45
                0x0000014c                __vector_11
                0x0000014c                __vector_54
                0x0000014c                __vector_13
                0x0000014c                __vector_17
                0x0000014c                __vector_19
                0x0000014c                __vector_56
                0x0000014c                __vector_7
                0x0000014c                __vector_49
                0x0000014c                __vector_41
                0x0000014c                __vector_43
                0x0000014c                __vector_27
                0x0000014c                __vector_5
                0x0000014c                __vector_33
                0x0000014c                __vector_47
                0x0000014c                __vector_52
                0x0000014c                __vector_37
                0x0000014c                __vector_4
                0x0000014c                __vector_44
                0x0000014c                __vector_51
                0x0000014c                __vector_9
                0x0000014c                __vector_2
                0x0000014c                __vector_21
                0x0000014c                __vector_15
                0x0000014c                __vector_36
                0x0000014c                __vector_29
                0x0000014c                __vector_40
                0x0000014c                __vector_8
                0x0000014c                __vector_26
                0x0000014c                __vector_48
                0x0000014c                __vector_14
                0x0000014c                __vector_53
                0x0000014c                __vector_10
                0x0000014c                __vector_50
                0x0000014c                __vector_16
                0x0000014c                __vector_18
                0x0000014c                __vector_20
                0x0000014c                __vector_42
 .text          0x00000150       0x94 i2c/i2c.o
                0x00000150                i2c::i2c(bool, int)
                0x00000150                i2c::i2c(bool, int)
                0x00000192                i2c::start()
                0x000001a4                i2c::stop()
                0x000001ac                i2c::write(unsigned char)
                0x000001c2                i2c::read(bool)
 .text          0x000001e4      0x132 PCInterface.o
                0x000001e4                main
                0x00000242                __vector_25
 .text          0x00000316      0x50e PCinterface/PCInterface.o
                0x00000316                PCinterface::PCinterface(UnitHandler*, UART*, rtc*)
                0x00000316                PCinterface::PCinterface(UnitHandler*, UART*, rtc*)
                0x00000326                PCinterface::isStart(unsigned char*)
                0x00000368                PCinterface::getCmd(unsigned char*)
                0x00000392                PCinterface::getData(unsigned char*)
                0x0000042e                PCinterface::handleCMD()
                0x00000822                PCinterface::returnStatus(unsigned char, unsigned char)
 .text          0x00000824      0x410 RTC/rtc.o
                0x00000824                rtc::rtc(unsigned char, int)
                0x00000824                rtc::rtc(unsigned char, int)
                0x00000840                rtc::getDayOfWeek()
                0x0000089e                rtc::intToBCD(unsigned char)
                0x000008ae                rtc::setDate(unsigned char, unsigned char, unsigned char, unsigned char)
                0x00000934                rtc::setTime(unsigned char, unsigned char, unsigned char)
                0x000009b0                rtc::bcdToInt(unsigned char)
                0x000009cc                rtc::getYear()
                0x00000a32                rtc::getMonth()
                0x00000a98                rtc::getDate()
                0x00000afe                rtc::GetSeconds()
                0x00000b64                rtc::getMinuts()
                0x00000bca                rtc::getHours()
 .text          0x00000c34      0x65a SD/sdCard.o
                0x00000c34                sdCard::sdCard(int)
                0x00000c34                sdCard::sdCard(int)
                0x00000c56                sdCard::sendCommand(unsigned char, unsigned long, unsigned char)
                0x00000cd2                sdCard::getResponeByte()
                0x00000cd8                sdCard::writeByte(unsigned char)
                0x00000cde                sdCard::init()
                0x0000100e                sdCard::readBlock(unsigned long, unsigned char*)
                0x000010fe                sdCard::writeBlock(unsigned long, unsigned char const*)
 .text          0x0000128e       0x78 SPI/SPI.o
                0x0000128e                SPI::setFreq(int)
                0x000012de                SPI::SPI(int)
                0x000012de                SPI::SPI(int)
                0x000012ec                SPI::writeByte(unsigned char)
                0x000012f8                SPI::recieveByte()
 .text          0x00001306      0x144 Uart/uartDriver.o
                0x00001306                UART::UART(unsigned long, unsigned char, char)
                0x00001306                UART::UART(unsigned long, unsigned char, char)
                0x000013ac                UART::charReady()
                0x000013b4                UART::readChar()
                0x000013c4                UART::sendChar(char)
                0x000013d4                UART::sendString(char*)
                0x000013fe                UART::sendInteger(int)
 .text          0x0000144a     0x1012 UnitHandler/UnitHandler.o
                0x0000144a                UnitHandler::UnitHandler(sdCard*)
                0x0000144a                UnitHandler::UnitHandler(sdCard*)
                0x00001454                UnitHandler::getUnitList(unsigned char*)
                0x00001468                UnitHandler::checkStdAssignment()
                0x000014da                UnitHandler::addUnitToList(unsigned char, unsigned char)
                0x0000157c                UnitHandler::removeUnitFromList(unsigned char)
                0x00001698                UnitHandler::searchFreeBlocks()
                0x0000171c                UnitHandler::AddUnit(unsigned char)
                0x0000188e                UnitHandler::getRoomList(unsigned char*)
                0x000018a4                UnitHandler::RemoveUnit(unsigned char)
                0x00001a42                UnitHandler::createNewRoom(unsigned char)
                0x00001af8                UnitHandler::addUnitToRoom(unsigned char)
                0x00001b8e                UnitHandler::AddUnit(unsigned char, unsigned char)
                0x00001d2c                UnitHandler::removeUnitFromRoom(unsigned char, unsigned char)
                0x00001eac                UnitHandler::deleteRoom(unsigned char)
                0x0000201c                UnitHandler::UpdateTime(unsigned char, unsigned char*)
                0x00002134                UnitHandler::getTimeTable(unsigned char, unsigned char, unsigned char*)
                0x00002246                UnitHandler::editUnit(unsigned char, unsigned char, unsigned char)
                0x00002456                UnitHandler::getUnitCount()
 .text          0x0000245c        0x0 c:/program files (x86)/atmel/atmel studio 6.0/extensions/atmel/avrgcc/3.4.1.95/avrtoolchain/bin/../lib/gcc/avr/4.6.2/avr6\libgcc.a(_udivmodqi4.o)
 .text          0x0000245c        0x0 c:/program files (x86)/atmel/atmel studio 6.0/extensions/atmel/avrgcc/3.4.1.95/avrtoolchain/bin/../lib/gcc/avr/4.6.2/avr6\libgcc.a(_udivmodsi4.o)
 .text          0x0000245c        0x0 c:/program files (x86)/atmel/atmel studio 6.0/extensions/atmel/avrgcc/3.4.1.95/avrtoolchain/bin/../lib/gcc/avr/4.6.2/avr6\libgcc.a(_exit.o)
 .text          0x0000245c        0x0 c:/program files (x86)/atmel/atmel studio 6.0/extensions/atmel/avrgcc/3.4.1.95/avrtoolchain/bin/../lib/gcc/avr/4.6.2/avr6\libgcc.a(_copy_data.o)
 .text          0x0000245c        0x0 c:/program files (x86)/atmel/atmel studio 6.0/extensions/atmel/avrgcc/3.4.1.95/avrtoolchain/bin/../lib/gcc/avr/4.6.2/avr6\libgcc.a(_clear_bss.o)
 .text          0x0000245c        0x0 c:/program files (x86)/atmel/atmel studio 6.0/extensions/atmel/avrgcc/3.4.1.95/avrtoolchain/bin/../lib/gcc/avr/4.6.2/avr6\libgcc.a(_ctors.o)
 .text          0x0000245c        0x0 c:/program files (x86)/atmel/atmel studio 6.0/extensions/atmel/avrgcc/3.4.1.95/avrtoolchain/bin/../lib/gcc/avr/4.6.2/avr6\libgcc.a(_tablejump_elpm.o)
 .text          0x0000245c        0x0 c:/program files (x86)/atmel/atmel studio 6.0/extensions/atmel/avrgcc/3.4.1.95/avrtoolchain/bin/../lib/gcc/avr/4.6.2/../../../../avr/lib/avr6\libc.a(itoa.o)
 .text          0x0000245c        0x0 c:/program files (x86)/atmel/atmel studio 6.0/extensions/atmel/avrgcc/3.4.1.95/avrtoolchain/bin/../lib/gcc/avr/4.6.2/../../../../avr/lib/avr6\libc.a(strrev.o)
 .text          0x0000245c        0x0 c:/program files (x86)/atmel/atmel studio 6.0/extensions/atmel/avrgcc/3.4.1.95/avrtoolchain/bin/../lib/gcc/avr/4.6.2/avr6\libgcc.a(_udivmodhi4.o)
                0x0000245c                . = ALIGN (0x2)
 *(.text.*)
 .text.libgcc   0x0000245c       0x18 c:/program files (x86)/atmel/atmel studio 6.0/extensions/atmel/avrgcc/3.4.1.95/avrtoolchain/bin/../lib/gcc/avr/4.6.2/avr6\libgcc.a(_udivmodqi4.o)
                0x0000245c                __udivmodqi4
 .text.libgcc   0x00002474       0x44 c:/program files (x86)/atmel/atmel studio 6.0/extensions/atmel/avrgcc/3.4.1.95/avrtoolchain/bin/../lib/gcc/avr/4.6.2/avr6\libgcc.a(_udivmodsi4.o)
                0x00002474                __udivmodsi4
 .text.libgcc   0x000024b8        0x0 c:/program files (x86)/atmel/atmel studio 6.0/extensions/atmel/avrgcc/3.4.1.95/avrtoolchain/bin/../lib/gcc/avr/4.6.2/avr6\libgcc.a(_exit.o)
 .text.libgcc   0x000024b8        0x0 c:/program files (x86)/atmel/atmel studio 6.0/extensions/atmel/avrgcc/3.4.1.95/avrtoolchain/bin/../lib/gcc/avr/4.6.2/avr6\libgcc.a(_copy_data.o)
 .text.libgcc   0x000024b8        0x0 c:/program files (x86)/atmel/atmel studio 6.0/extensions/atmel/avrgcc/3.4.1.95/avrtoolchain/bin/../lib/gcc/avr/4.6.2/avr6\libgcc.a(_clear_bss.o)
 .text.libgcc   0x000024b8        0x0 c:/program files (x86)/atmel/atmel studio 6.0/extensions/atmel/avrgcc/3.4.1.95/avrtoolchain/bin/../lib/gcc/avr/4.6.2/avr6\libgcc.a(_ctors.o)
 .text.libgcc   0x000024b8        0x8 c:/program files (x86)/atmel/atmel studio 6.0/extensions/atmel/avrgcc/3.4.1.95/avrtoolchain/bin/../lib/gcc/avr/4.6.2/avr6\libgcc.a(_tablejump_elpm.o)
                0x000024b8                __tablejump_elpm__
 .text.avr-libc
                0x000024c0       0x42 c:/program files (x86)/atmel/atmel studio 6.0/extensions/atmel/avrgcc/3.4.1.95/avrtoolchain/bin/../lib/gcc/avr/4.6.2/../../../../avr/lib/avr6\libc.a(itoa.o)
                0x000024c0                itoa
 .text.avr-libc
                0x00002502       0x20 c:/program files (x86)/atmel/atmel studio 6.0/extensions/atmel/avrgcc/3.4.1.95/avrtoolchain/bin/../lib/gcc/avr/4.6.2/../../../../avr/lib/avr6\libc.a(strrev.o)
                0x00002502                strrev
 .text.libgcc   0x00002522       0x28 c:/program files (x86)/atmel/atmel studio 6.0/extensions/atmel/avrgcc/3.4.1.95/avrtoolchain/bin/../lib/gcc/avr/4.6.2/avr6\libgcc.a(_udivmodhi4.o)
                0x00002522                __udivmodhi4
                0x0000254a                . = ALIGN (0x2)
 *(.fini9)
 .fini9         0x0000254a        0x0 c:/program files (x86)/atmel/atmel studio 6.0/extensions/atmel/avrgcc/3.4.1.95/avrtoolchain/bin/../lib/gcc/avr/4.6.2/avr6\libgcc.a(_exit.o)
                0x0000254a                _exit
                0x0000254a                exit
 *(.fini9)
 *(.fini8)
 *(.fini8)
 *(.fini7)
 *(.fini7)
 *(.fini6)
 *(.fini6)
 *(.fini5)
 *(.fini5)
 *(.fini4)
 *(.fini4)
 *(.fini3)
 *(.fini3)
 *(.fini2)
 *(.fini2)
 *(.fini1)
 *(.fini1)
 *(.fini0)
 .fini0         0x0000254a        0x4 c:/program files (x86)/atmel/atmel studio 6.0/extensions/atmel/avrgcc/3.4.1.95/avrtoolchain/bin/../lib/gcc/avr/4.6.2/avr6\libgcc.a(_exit.o)
 *(.fini0)
                0x0000254e                _etext = .

.data           0x00800200        0x0 load address 0x0000254e
                0x00800200                PROVIDE (__data_start, .)
 *(.data)
 .data          0x00800200        0x0 c:/program files (x86)/atmel/atmel studio 6.0/extensions/atmel/avrgcc/3.4.1.95/avrtoolchain/bin/../lib/gcc/avr/4.6.2/../../../../avr/lib/avr6/crtm2560.o
 .data          0x00800200        0x0 i2c/i2c.o
 .data          0x00800200        0x0 PCInterface.o
 .data          0x00800200        0x0 PCinterface/PCInterface.o
 .data          0x00800200        0x0 RTC/rtc.o
 .data          0x00800200        0x0 SD/sdCard.o
 .data          0x00800200        0x0 SPI/SPI.o
 .data          0x00800200        0x0 Uart/uartDriver.o
 .data          0x00800200        0x0 UnitHandler/UnitHandler.o
 .data          0x00800200        0x0 c:/program files (x86)/atmel/atmel studio 6.0/extensions/atmel/avrgcc/3.4.1.95/avrtoolchain/bin/../lib/gcc/avr/4.6.2/avr6\libgcc.a(_udivmodqi4.o)
 .data          0x00800200        0x0 c:/program files (x86)/atmel/atmel studio 6.0/extensions/atmel/avrgcc/3.4.1.95/avrtoolchain/bin/../lib/gcc/avr/4.6.2/avr6\libgcc.a(_udivmodsi4.o)
 .data          0x00800200        0x0 c:/program files (x86)/atmel/atmel studio 6.0/extensions/atmel/avrgcc/3.4.1.95/avrtoolchain/bin/../lib/gcc/avr/4.6.2/avr6\libgcc.a(_exit.o)
 .data          0x00800200        0x0 c:/program files (x86)/atmel/atmel studio 6.0/extensions/atmel/avrgcc/3.4.1.95/avrtoolchain/bin/../lib/gcc/avr/4.6.2/avr6\libgcc.a(_copy_data.o)
 .data          0x00800200        0x0 c:/program files (x86)/atmel/atmel studio 6.0/extensions/atmel/avrgcc/3.4.1.95/avrtoolchain/bin/../lib/gcc/avr/4.6.2/avr6\libgcc.a(_clear_bss.o)
 .data          0x00800200        0x0 c:/program files (x86)/atmel/atmel studio 6.0/extensions/atmel/avrgcc/3.4.1.95/avrtoolchain/bin/../lib/gcc/avr/4.6.2/avr6\libgcc.a(_ctors.o)
 .data          0x00800200        0x0 c:/program files (x86)/atmel/atmel studio 6.0/extensions/atmel/avrgcc/3.4.1.95/avrtoolchain/bin/../lib/gcc/avr/4.6.2/avr6\libgcc.a(_tablejump_elpm.o)
 .data          0x00800200        0x0 c:/program files (x86)/atmel/atmel studio 6.0/extensions/atmel/avrgcc/3.4.1.95/avrtoolchain/bin/../lib/gcc/avr/4.6.2/../../../../avr/lib/avr6\libc.a(itoa.o)
 .data          0x00800200        0x0 c:/program files (x86)/atmel/atmel studio 6.0/extensions/atmel/avrgcc/3.4.1.95/avrtoolchain/bin/../lib/gcc/avr/4.6.2/../../../../avr/lib/avr6\libc.a(strrev.o)
 .data          0x00800200        0x0 c:/program files (x86)/atmel/atmel studio 6.0/extensions/atmel/avrgcc/3.4.1.95/avrtoolchain/bin/../lib/gcc/avr/4.6.2/avr6\libgcc.a(_udivmodhi4.o)
 *(.data*)
 *(.rodata)
 *(.rodata*)
 *(.gnu.linkonce.d*)
                0x00800200                . = ALIGN (0x2)
                0x00800200                _edata = .
                0x00800200                PROVIDE (__data_end, .)

.bss            0x00800200       0x10
                0x00800200                PROVIDE (__bss_start, .)
 *(.bss)
 .bss           0x00800200        0x0 c:/program files (x86)/atmel/atmel studio 6.0/extensions/atmel/avrgcc/3.4.1.95/avrtoolchain/bin/../lib/gcc/avr/4.6.2/../../../../avr/lib/avr6/crtm2560.o
 .bss           0x00800200        0x0 i2c/i2c.o
 .bss           0x00800200       0x10 PCInterface.o
                0x00800200                PCIF_obj
                0x00800207                handler_obj
                0x0080020a                RTC_obj
                0x0080020c                SD_obj
                0x0080020f                uart_obj
 .bss           0x00800210        0x0 PCinterface/PCInterface.o
 .bss           0x00800210        0x0 RTC/rtc.o
 .bss           0x00800210        0x0 SD/sdCard.o
 .bss           0x00800210        0x0 SPI/SPI.o
 .bss           0x00800210        0x0 Uart/uartDriver.o
 .bss           0x00800210        0x0 UnitHandler/UnitHandler.o
 .bss           0x00800210        0x0 c:/program files (x86)/atmel/atmel studio 6.0/extensions/atmel/avrgcc/3.4.1.95/avrtoolchain/bin/../lib/gcc/avr/4.6.2/avr6\libgcc.a(_udivmodqi4.o)
 .bss           0x00800210        0x0 c:/program files (x86)/atmel/atmel studio 6.0/extensions/atmel/avrgcc/3.4.1.95/avrtoolchain/bin/../lib/gcc/avr/4.6.2/avr6\libgcc.a(_udivmodsi4.o)
 .bss           0x00800210        0x0 c:/program files (x86)/atmel/atmel studio 6.0/extensions/atmel/avrgcc/3.4.1.95/avrtoolchain/bin/../lib/gcc/avr/4.6.2/avr6\libgcc.a(_exit.o)
 .bss           0x00800210        0x0 c:/program files (x86)/atmel/atmel studio 6.0/extensions/atmel/avrgcc/3.4.1.95/avrtoolchain/bin/../lib/gcc/avr/4.6.2/avr6\libgcc.a(_copy_data.o)
 .bss           0x00800210        0x0 c:/program files (x86)/atmel/atmel studio 6.0/extensions/atmel/avrgcc/3.4.1.95/avrtoolchain/bin/../lib/gcc/avr/4.6.2/avr6\libgcc.a(_clear_bss.o)
 .bss           0x00800210        0x0 c:/program files (x86)/atmel/atmel studio 6.0/extensions/atmel/avrgcc/3.4.1.95/avrtoolchain/bin/../lib/gcc/avr/4.6.2/avr6\libgcc.a(_ctors.o)
 .bss           0x00800210        0x0 c:/program files (x86)/atmel/atmel studio 6.0/extensions/atmel/avrgcc/3.4.1.95/avrtoolchain/bin/../lib/gcc/avr/4.6.2/avr6\libgcc.a(_tablejump_elpm.o)
 .bss           0x00800210        0x0 c:/program files (x86)/atmel/atmel studio 6.0/extensions/atmel/avrgcc/3.4.1.95/avrtoolchain/bin/../lib/gcc/avr/4.6.2/../../../../avr/lib/avr6\libc.a(itoa.o)
 .bss           0x00800210        0x0 c:/program files (x86)/atmel/atmel studio 6.0/extensions/atmel/avrgcc/3.4.1.95/avrtoolchain/bin/../lib/gcc/avr/4.6.2/../../../../avr/lib/avr6\libc.a(strrev.o)
 .bss           0x00800210        0x0 c:/program files (x86)/atmel/atmel studio 6.0/extensions/atmel/avrgcc/3.4.1.95/avrtoolchain/bin/../lib/gcc/avr/4.6.2/avr6\libgcc.a(_udivmodhi4.o)
 *(.bss*)
 *(COMMON)
                0x00800210                PROVIDE (__bss_end, .)
                0x0000254e                __data_load_start = LOADADDR (.data)
                0x0000254e                __data_load_end = (__data_load_start + SIZEOF (.data))

.noinit         0x00800210        0x0
                0x00800210                PROVIDE (__noinit_start, .)
 *(.noinit*)
                0x00800210                PROVIDE (__noinit_end, .)
                0x00800210                _end = .
                0x00800210                PROVIDE (__heap_start, .)

.eeprom         0x00810000        0x0
 *(.eeprom*)
                0x00810000                __eeprom_end = .

.fuse
 *(.fuse)
 *(.lfuse)
 *(.hfuse)
 *(.efuse)

.lock
 *(.lock*)

.signature
 *(.signature*)

.stab           0x00000000      0x96c
 *(.stab)
 .stab          0x00000000      0x6e4 c:/program files (x86)/atmel/atmel studio 6.0/extensions/atmel/avrgcc/3.4.1.95/avrtoolchain/bin/../lib/gcc/avr/4.6.2/../../../../avr/lib/avr6/crtm2560.o
 .stab          0x000006e4      0x1b0 c:/program files (x86)/atmel/atmel studio 6.0/extensions/atmel/avrgcc/3.4.1.95/avrtoolchain/bin/../lib/gcc/avr/4.6.2/../../../../avr/lib/avr6\libc.a(itoa.o)
                                0x1bc (size before relaxing)
 .stab          0x00000894       0xd8 c:/program files (x86)/atmel/atmel studio 6.0/extensions/atmel/avrgcc/3.4.1.95/avrtoolchain/bin/../lib/gcc/avr/4.6.2/../../../../avr/lib/avr6\libc.a(strrev.o)
                                 0xe4 (size before relaxing)

.stabstr        0x00000000      0x14d
 *(.stabstr)
 .stabstr       0x00000000      0x14d c:/program files (x86)/atmel/atmel studio 6.0/extensions/atmel/avrgcc/3.4.1.95/avrtoolchain/bin/../lib/gcc/avr/4.6.2/../../../../avr/lib/avr6/crtm2560.o

.stab.excl
 *(.stab.excl)

.stab.exclstr
 *(.stab.exclstr)

.stab.index
 *(.stab.index)

.stab.indexstr
 *(.stab.indexstr)

.comment
 *(.comment)

.debug
 *(.debug)

.line
 *(.line)

.debug_srcinfo
 *(.debug_srcinfo)

.debug_sfnames
 *(.debug_sfnames)

.debug_aranges  0x00000000      0x200
 *(.debug_aranges)
 .debug_aranges
                0x00000000       0x20 i2c/i2c.o
 .debug_aranges
                0x00000020       0x20 PCInterface.o
 .debug_aranges
                0x00000040       0x20 PCinterface/PCInterface.o
 .debug_aranges
                0x00000060       0x20 RTC/rtc.o
 .debug_aranges
                0x00000080       0x20 SD/sdCard.o
 .debug_aranges
                0x000000a0       0x20 SPI/SPI.o
 .debug_aranges
                0x000000c0       0x20 Uart/uartDriver.o
 .debug_aranges
                0x000000e0       0x20 UnitHandler/UnitHandler.o
 .debug_aranges
                0x00000100       0x20 c:/program files (x86)/atmel/atmel studio 6.0/extensions/atmel/avrgcc/3.4.1.95/avrtoolchain/bin/../lib/gcc/avr/4.6.2/avr6\libgcc.a(_udivmodqi4.o)
 .debug_aranges
                0x00000120       0x20 c:/program files (x86)/atmel/atmel studio 6.0/extensions/atmel/avrgcc/3.4.1.95/avrtoolchain/bin/../lib/gcc/avr/4.6.2/avr6\libgcc.a(_udivmodsi4.o)
 .debug_aranges
                0x00000140       0x20 c:/program files (x86)/atmel/atmel studio 6.0/extensions/atmel/avrgcc/3.4.1.95/avrtoolchain/bin/../lib/gcc/avr/4.6.2/avr6\libgcc.a(_exit.o)
 .debug_aranges
                0x00000160       0x20 c:/program files (x86)/atmel/atmel studio 6.0/extensions/atmel/avrgcc/3.4.1.95/avrtoolchain/bin/../lib/gcc/avr/4.6.2/avr6\libgcc.a(_copy_data.o)
 .debug_aranges
                0x00000180       0x20 c:/program files (x86)/atmel/atmel studio 6.0/extensions/atmel/avrgcc/3.4.1.95/avrtoolchain/bin/../lib/gcc/avr/4.6.2/avr6\libgcc.a(_clear_bss.o)
 .debug_aranges
                0x000001a0       0x20 c:/program files (x86)/atmel/atmel studio 6.0/extensions/atmel/avrgcc/3.4.1.95/avrtoolchain/bin/../lib/gcc/avr/4.6.2/avr6\libgcc.a(_ctors.o)
 .debug_aranges
                0x000001c0       0x20 c:/program files (x86)/atmel/atmel studio 6.0/extensions/atmel/avrgcc/3.4.1.95/avrtoolchain/bin/../lib/gcc/avr/4.6.2/avr6\libgcc.a(_tablejump_elpm.o)
 .debug_aranges
                0x000001e0       0x20 c:/program files (x86)/atmel/atmel studio 6.0/extensions/atmel/avrgcc/3.4.1.95/avrtoolchain/bin/../lib/gcc/avr/4.6.2/avr6\libgcc.a(_udivmodhi4.o)

.debug_pubnames
 *(.debug_pubnames)

.debug_info     0x00000000     0x4616
 *(.debug_info)
 .debug_info    0x00000000      0x23e i2c/i2c.o
 .debug_info    0x0000023e      0xae2 PCInterface.o
 .debug_info    0x00000d20      0xe35 PCinterface/PCInterface.o
 .debug_info    0x00001b55      0x6a1 RTC/rtc.o
 .debug_info    0x000021f6      0x637 SD/sdCard.o
 .debug_info    0x0000282d      0x1e0 SPI/SPI.o
 .debug_info    0x00002a0d      0x313 Uart/uartDriver.o
 .debug_info    0x00002d20     0x120e UnitHandler/UnitHandler.o
 .debug_info    0x00003f2e       0xdd c:/program files (x86)/atmel/atmel studio 6.0/extensions/atmel/avrgcc/3.4.1.95/avrtoolchain/bin/../lib/gcc/avr/4.6.2/avr6\libgcc.a(_udivmodqi4.o)
 .debug_info    0x0000400b       0xdd c:/program files (x86)/atmel/atmel studio 6.0/extensions/atmel/avrgcc/3.4.1.95/avrtoolchain/bin/../lib/gcc/avr/4.6.2/avr6\libgcc.a(_udivmodsi4.o)
 .debug_info    0x000040e8       0xdd c:/program files (x86)/atmel/atmel studio 6.0/extensions/atmel/avrgcc/3.4.1.95/avrtoolchain/bin/../lib/gcc/avr/4.6.2/avr6\libgcc.a(_exit.o)
 .debug_info    0x000041c5       0xdd c:/program files (x86)/atmel/atmel studio 6.0/extensions/atmel/avrgcc/3.4.1.95/avrtoolchain/bin/../lib/gcc/avr/4.6.2/avr6\libgcc.a(_copy_data.o)
 .debug_info    0x000042a2       0xdd c:/program files (x86)/atmel/atmel studio 6.0/extensions/atmel/avrgcc/3.4.1.95/avrtoolchain/bin/../lib/gcc/avr/4.6.2/avr6\libgcc.a(_clear_bss.o)
 .debug_info    0x0000437f       0xdd c:/program files (x86)/atmel/atmel studio 6.0/extensions/atmel/avrgcc/3.4.1.95/avrtoolchain/bin/../lib/gcc/avr/4.6.2/avr6\libgcc.a(_ctors.o)
 .debug_info    0x0000445c       0xdd c:/program files (x86)/atmel/atmel studio 6.0/extensions/atmel/avrgcc/3.4.1.95/avrtoolchain/bin/../lib/gcc/avr/4.6.2/avr6\libgcc.a(_tablejump_elpm.o)
 .debug_info    0x00004539       0xdd c:/program files (x86)/atmel/atmel studio 6.0/extensions/atmel/avrgcc/3.4.1.95/avrtoolchain/bin/../lib/gcc/avr/4.6.2/avr6\libgcc.a(_udivmodhi4.o)
 *(.gnu.linkonce.wi.*)

.debug_abbrev   0x00000000     0x1049
 *(.debug_abbrev)
 .debug_abbrev  0x00000000      0x128 i2c/i2c.o
 .debug_abbrev  0x00000128      0x21f PCInterface.o
 .debug_abbrev  0x00000347      0x2c2 PCinterface/PCInterface.o
 .debug_abbrev  0x00000609      0x1c3 RTC/rtc.o
 .debug_abbrev  0x000007cc      0x26f SD/sdCard.o
 .debug_abbrev  0x00000a3b      0x11f SPI/SPI.o
 .debug_abbrev  0x00000b5a      0x19a Uart/uartDriver.o
 .debug_abbrev  0x00000cf4      0x2b5 UnitHandler/UnitHandler.o
 .debug_abbrev  0x00000fa9       0x14 c:/program files (x86)/atmel/atmel studio 6.0/extensions/atmel/avrgcc/3.4.1.95/avrtoolchain/bin/../lib/gcc/avr/4.6.2/avr6\libgcc.a(_udivmodqi4.o)
 .debug_abbrev  0x00000fbd       0x14 c:/program files (x86)/atmel/atmel studio 6.0/extensions/atmel/avrgcc/3.4.1.95/avrtoolchain/bin/../lib/gcc/avr/4.6.2/avr6\libgcc.a(_udivmodsi4.o)
 .debug_abbrev  0x00000fd1       0x14 c:/program files (x86)/atmel/atmel studio 6.0/extensions/atmel/avrgcc/3.4.1.95/avrtoolchain/bin/../lib/gcc/avr/4.6.2/avr6\libgcc.a(_exit.o)
 .debug_abbrev  0x00000fe5       0x14 c:/program files (x86)/atmel/atmel studio 6.0/extensions/atmel/avrgcc/3.4.1.95/avrtoolchain/bin/../lib/gcc/avr/4.6.2/avr6\libgcc.a(_copy_data.o)
 .debug_abbrev  0x00000ff9       0x14 c:/program files (x86)/atmel/atmel studio 6.0/extensions/atmel/avrgcc/3.4.1.95/avrtoolchain/bin/../lib/gcc/avr/4.6.2/avr6\libgcc.a(_clear_bss.o)
 .debug_abbrev  0x0000100d       0x14 c:/program files (x86)/atmel/atmel studio 6.0/extensions/atmel/avrgcc/3.4.1.95/avrtoolchain/bin/../lib/gcc/avr/4.6.2/avr6\libgcc.a(_ctors.o)
 .debug_abbrev  0x00001021       0x14 c:/program files (x86)/atmel/atmel studio 6.0/extensions/atmel/avrgcc/3.4.1.95/avrtoolchain/bin/../lib/gcc/avr/4.6.2/avr6\libgcc.a(_tablejump_elpm.o)
 .debug_abbrev  0x00001035       0x14 c:/program files (x86)/atmel/atmel studio 6.0/extensions/atmel/avrgcc/3.4.1.95/avrtoolchain/bin/../lib/gcc/avr/4.6.2/avr6\libgcc.a(_udivmodhi4.o)

.debug_line     0x00000000     0x11a2
 *(.debug_line)
 .debug_line    0x00000000       0x73 i2c/i2c.o
 .debug_line    0x00000073      0x137 PCInterface.o
 .debug_line    0x000001aa      0x291 PCinterface/PCInterface.o
 .debug_line    0x0000043b       0xdf RTC/rtc.o
 .debug_line    0x0000051a      0x32c SD/sdCard.o
 .debug_line    0x00000846       0x6a SPI/SPI.o
 .debug_line    0x000008b0       0x8f Uart/uartDriver.o
 .debug_line    0x0000093f      0x3c1 UnitHandler/UnitHandler.o
 .debug_line    0x00000d00       0x92 c:/program files (x86)/atmel/atmel studio 6.0/extensions/atmel/avrgcc/3.4.1.95/avrtoolchain/bin/../lib/gcc/avr/4.6.2/avr6\libgcc.a(_udivmodqi4.o)
 .debug_line    0x00000d92       0xa8 c:/program files (x86)/atmel/atmel studio 6.0/extensions/atmel/avrgcc/3.4.1.95/avrtoolchain/bin/../lib/gcc/avr/4.6.2/avr6\libgcc.a(_udivmodsi4.o)
 .debug_line    0x00000e3a       0x88 c:/program files (x86)/atmel/atmel studio 6.0/extensions/atmel/avrgcc/3.4.1.95/avrtoolchain/bin/../lib/gcc/avr/4.6.2/avr6\libgcc.a(_exit.o)
 .debug_line    0x00000ec2       0x96 c:/program files (x86)/atmel/atmel studio 6.0/extensions/atmel/avrgcc/3.4.1.95/avrtoolchain/bin/../lib/gcc/avr/4.6.2/avr6\libgcc.a(_copy_data.o)
 .debug_line    0x00000f58       0x8e c:/program files (x86)/atmel/atmel studio 6.0/extensions/atmel/avrgcc/3.4.1.95/avrtoolchain/bin/../lib/gcc/avr/4.6.2/avr6\libgcc.a(_clear_bss.o)
 .debug_line    0x00000fe6       0x98 c:/program files (x86)/atmel/atmel studio 6.0/extensions/atmel/avrgcc/3.4.1.95/avrtoolchain/bin/../lib/gcc/avr/4.6.2/avr6\libgcc.a(_ctors.o)
 .debug_line    0x0000107e       0x8a c:/program files (x86)/atmel/atmel studio 6.0/extensions/atmel/avrgcc/3.4.1.95/avrtoolchain/bin/../lib/gcc/avr/4.6.2/avr6\libgcc.a(_tablejump_elpm.o)
 .debug_line    0x00001108       0x9a c:/program files (x86)/atmel/atmel studio 6.0/extensions/atmel/avrgcc/3.4.1.95/avrtoolchain/bin/../lib/gcc/avr/4.6.2/avr6\libgcc.a(_udivmodhi4.o)

.debug_frame    0x00000000      0xa6c
 *(.debug_frame)
 .debug_frame   0x00000000       0x64 i2c/i2c.o
 .debug_frame   0x00000064       0xc4 PCInterface.o
 .debug_frame   0x00000128      0x114 PCinterface/PCInterface.o
 .debug_frame   0x0000023c      0x1ec RTC/rtc.o
 .debug_frame   0x00000428      0x164 SD/sdCard.o
 .debug_frame   0x0000058c       0x54 SPI/SPI.o
 .debug_frame   0x000005e0       0xa8 Uart/uartDriver.o
 .debug_frame   0x00000688      0x3e4 UnitHandler/UnitHandler.o

.debug_str      0x00000000      0xd59
 *(.debug_str)
 .debug_str     0x00000000      0x138 i2c/i2c.o
                                0x171 (size before relaxing)
 .debug_str     0x00000138      0x86f PCInterface.o
                                0x951 (size before relaxing)
 .debug_str     0x000009a7       0xb1 PCinterface/PCInterface.o
                                0x966 (size before relaxing)
 .debug_str     0x00000a58       0xa9 RTC/rtc.o
                                0x346 (size before relaxing)
 .debug_str     0x00000b01       0xb8 SD/sdCard.o
                                0x2bb (size before relaxing)
 .debug_str     0x00000bb9       0x14 SPI/SPI.o
                                0x162 (size before relaxing)
 .debug_str     0x00000bcd       0x56 Uart/uartDriver.o
                                0x1f9 (size before relaxing)
 .debug_str     0x00000c23      0x136 UnitHandler/UnitHandler.o
                                0x68d (size before relaxing)

.debug_loc      0x00000000     0x314c
 *(.debug_loc)
 .debug_loc     0x00000000       0x88 i2c/i2c.o
 .debug_loc     0x00000088      0x198 PCInterface.o
 .debug_loc     0x00000220      0x5d9 PCinterface/PCInterface.o
 .debug_loc     0x000007f9      0x7bf RTC/rtc.o
 .debug_loc     0x00000fb8      0x65e SD/sdCard.o
 .debug_loc     0x00001616       0x98 SPI/SPI.o
 .debug_loc     0x000016ae      0x23c Uart/uartDriver.o
 .debug_loc     0x000018ea     0x1862 UnitHandler/UnitHandler.o

.debug_macinfo
 *(.debug_macinfo)
OUTPUT(PCInterface.elf elf32-avr)
LOAD linker stubs

.debug_ranges   0x00000000      0x198
 .debug_ranges  0x00000000       0x78 PCinterface/PCInterface.o
 .debug_ranges  0x00000078       0x18 SD/sdCard.o
 .debug_ranges  0x00000090      0x108 UnitHandler/UnitHandler.o
